[MONEY STREAMS] Daemon mode — running all streams in rotation
[2026-06-24T16:36:10Z] [bounty-hunter] running...
  [OK] bounty-hunter (0 lines logged)
[2026-06-24T16:36:15Z] [package-assets] running...
  [OK] package-assets (0 lines logged)
[2026-06-24T16:36:20Z] [audit-crawler] running...
  [OK] audit-crawler (0 lines logged)
[2026-06-24T16:36:25Z] [publish-action] running...
  [OK] publish-action (0 lines logged)
[2026-06-24T16:36:30Z] [post-sponsorships] running...
  [OK] post-sponsorships (0 lines logged)
[MONEY STREAMS] Cycle complete. Sleeping 5 min before next cycle...
[2026-06-24T16:41:35Z] [bounty-hunter] running...
  [OK] bounty-hunter (0 lines logged)
[2026-06-24T16:41:40Z] [package-assets] running...
  [OK] package-assets (0 lines logged)
[2026-06-24T16:41:45Z] [audit-crawler] running...
  [OK] audit-crawler (0 lines logged)
[2026-06-24T16:41:50Z] [publish-action] running...
  [OK] publish-action (0 lines logged)
[2026-06-24T16:41:55Z] [post-sponsorships] running...
  [OK] post-sponsorships (0 lines logged)
[MONEY STREAMS] Cycle complete. Sleeping 5 min before next cycle...
[2026-06-24T16:47:01Z] [bounty-hunter] running...
  [OK] bounty-hunter (0 lines logged)
[2026-06-24T16:47:06Z] [package-assets] running...
  [OK] package-assets (0 lines logged)
[2026-06-24T16:47:11Z] [audit-crawler] running...
  [OK] audit-crawler (0 lines logged)
[2026-06-24T16:47:16Z] [publish-action] running...
  [OK] publish-action (0 lines logged)
[2026-06-24T16:47:21Z] [post-sponsorships] running...
  [OK] post-sponsorships (0 lines logged)
[MONEY STREAMS] Cycle complete. Sleeping 5 min before next cycle...
[2026-06-24T16:52:26Z] [bounty-hunter] running...
  [OK] bounty-hunter (0 lines logged)
[2026-06-24T16:52:31Z] [package-assets] running...
  [OK] package-assets (0 lines logged)
[2026-06-24T16:52:36Z] [audit-crawler] running...
  [OK] audit-crawler (0 lines logged)
[2026-06-24T16:52:41Z] [publish-action] running...
  [OK] publish-action (0 lines logged)
[2026-06-24T16:52:46Z] [post-sponsorships] running...
  [OK] post-sponsorships (0 lines logged)
[MONEY STREAMS] Cycle complete. Sleeping 5 min before next cycle...
[2026-06-24T16:57:52Z] [bounty-hunter] running...
  [OK] bounty-hunter (0 lines logged)
[2026-06-24T16:57:57Z] [package-assets] running...
  [OK] package-assets (0 lines logged)
[2026-06-24T16:58:02Z] [audit-crawler] running...
  [OK] audit-crawler (0 lines logged)
[2026-06-24T16:58:07Z] [publish-action] running...
  [OK] publish-action (0 lines logged)
[2026-06-24T16:58:12Z] [post-sponsorships] running...
  [OK] post-sponsorships (0 lines logged)
[MONEY STREAMS] Cycle complete. Sleeping 5 min before next cycle...
[2026-06-24T17:03:18Z] [bounty-hunter] running...
  [OK] bounty-hunter (0 lines logged)
[2026-06-24T17:03:23Z] [package-assets] running...
  [OK] package-assets (0 lines logged)
[2026-06-24T17:03:28Z] [audit-crawler] running...
  [OK] audit-crawler (0 lines logged)
[2026-06-24T17:03:33Z] [publish-action] running...
  [OK] publish-action (0 lines logged)
[2026-06-24T17:03:38Z] [post-sponsorships] running...
  [OK] post-sponsorships (0 lines logged)
[MONEY STREAMS] Cycle complete. Sleeping 5 min before next cycle...
[2026-06-24T17:08:43Z] [bounty-hunter] running...
  [OK] bounty-hunter (0 lines logged)
[2026-06-24T17:08:48Z] [package-assets] running...
  [OK] package-assets (0 lines logged)
[2026-06-24T17:08:53Z] [audit-crawler] running...
  [OK] audit-crawler (0 lines logged)
[2026-06-24T17:08:58Z] [publish-action] running...
  [OK] publish-action (0 lines logged)
[2026-06-24T17:09:03Z] [post-sponsorships] running...
  [OK] post-sponsorships (0 lines logged)
[MONEY STREAMS] Cycle complete. Sleeping 5 min before next cycle...
[2026-06-24T17:14:09Z] [bounty-hunter] running...
  [OK] bounty-hunter (0 lines logged)
[2026-06-24T17:14:14Z] [package-assets] running...
  [OK] package-assets (0 lines logged)
[2026-06-24T17:14:19Z] [audit-crawler] running...
  [OK] audit-crawler (0 lines logged)
[2026-06-24T17:14:24Z] [publish-action] running...
  [OK] publish-action (0 lines logged)
[2026-06-24T17:14:29Z] [post-sponsorships] running...
  [OK] post-sponsorships (0 lines logged)
[MONEY STREAMS] Cycle complete. Sleeping 5 min before next cycle...
[2026-06-24T17:19:35Z] [bounty-hunter] running...
  [OK] bounty-hunter (0 lines logged)
[2026-06-24T17:19:40Z] [package-assets] running...
  [OK] package-assets (0 lines logged)
[2026-06-24T17:19:45Z] [audit-crawler] running...
  [OK] audit-crawler (0 lines logged)
[2026-06-24T17:19:50Z] [publish-action] running...
  [OK] publish-action (0 lines logged)
[2026-06-24T17:19:55Z] [post-sponsorships] running...
  [OK] post-sponsorships (0 lines logged)
[MONEY STREAMS] Cycle complete. Sleeping 5 min before next cycle...
[2026-06-24T17:25:00Z] [bounty-hunter] running...
  [OK] bounty-hunter (0 lines logged)
[2026-06-24T17:25:05Z] [package-assets] running...
  [OK] package-assets (0 lines logged)
[2026-06-24T17:25:10Z] [audit-crawler] running...
  [OK] audit-crawler (0 lines logged)
[2026-06-24T17:25:15Z] [publish-action] running...
  [OK] publish-action (0 lines logged)
[2026-06-24T17:25:20Z] [post-sponsorships] running...
  [OK] post-sponsorships (0 lines logged)
[MONEY STREAMS] Cycle complete. Sleeping 5 min before next cycle...
[2026-06-24T17:30:26Z] [bounty-hunter] running...
  [OK] bounty-hunter (0 lines logged)
[2026-06-24T17:30:31Z] [package-assets] running...
  [OK] package-assets (0 lines logged)
[2026-06-24T17:30:36Z] [audit-crawler] running...
  [OK] audit-crawler (0 lines logged)
[2026-06-24T17:30:41Z] [publish-action] running...
  [OK] publish-action (0 lines logged)
[2026-06-24T17:30:46Z] [post-sponsorships] running...
  [OK] post-sponsorships (0 lines logged)
[MONEY STREAMS] Cycle complete. Sleeping 5 min before next cycle...
[2026-06-24T17:35:52Z] [bounty-hunter] running...
  [OK] bounty-hunter (0 lines logged)
[2026-06-24T17:35:57Z] [package-assets] running...
  [OK] package-assets (0 lines logged)
[2026-06-24T17:36:02Z] [audit-crawler] running...
  [OK] audit-crawler (0 lines logged)
[2026-06-24T17:36:07Z] [publish-action] running...
  [OK] publish-action (0 lines logged)
[2026-06-24T17:36:12Z] [post-sponsorships] running...
  [OK] post-sponsorships (0 lines logged)
[MONEY STREAMS] Cycle complete. Sleeping 5 min before next cycle...
[2026-06-24T17:41:17Z] [bounty-hunter] running...
  [OK] bounty-hunter (0 lines logged)
[2026-06-24T17:41:22Z] [package-assets] running...
  [OK] package-assets (0 lines logged)
[2026-06-24T17:41:27Z] [audit-crawler] running...
  [OK] audit-crawler (0 lines logged)
[2026-06-24T17:41:32Z] [publish-action] running...
  [OK] publish-action (0 lines logged)
[2026-06-24T17:41:37Z] [post-sponsorships] running...
  [OK] post-sponsorships (0 lines logged)
[MONEY STREAMS] Cycle complete. Sleeping 5 min before next cycle...
[2026-06-24T17:46:43Z] [bounty-hunter] running...
  [OK] bounty-hunter (0 lines logged)
[2026-06-24T17:46:48Z] [package-assets] running...
  [OK] package-assets (0 lines logged)
[2026-06-24T17:46:53Z] [audit-crawler] running...
  [OK] audit-crawler (0 lines logged)
[2026-06-24T17:46:58Z] [publish-action] running...
  [OK] publish-action (0 lines logged)
[2026-06-24T17:47:03Z] [post-sponsorships] running...
  [OK] post-sponsorships (0 lines logged)
[MONEY STREAMS] Cycle complete. Sleeping 5 min before next cycle...
