[2026-06-12] === P31 Daily Pipeline ===
[2026-06-12] Health check...
[2026-06-12] Health:  failures
[2026-06-12] Deploying workers...

 Tasks:    14 successful, 14 total
Cached:    9 cached, 14 total
  Time:    58.328s 

[2026-06-12] Publishing @p31/shared...
npm notice
npm notice 📦  @p31/shared@0.0.1
npm notice Tarball Contents
npm notice 89B .turbo/turbo-build.log
npm notice 821B .turbo/turbo-test.log
npm notice 5.7kB CODE_AUDIT_PROMPT.md
npm notice 7.5kB README.md
npm notice 127B dist/ble/index.d.ts
npm notice 185B dist/ble/index.d.ts.map
npm notice 621B dist/ble/index.js
npm notice 281B dist/ble/index.js.map
npm notice 1.9kB dist/ble/scanner.d.ts
npm notice 1.1kB dist/ble/scanner.d.ts.map
npm notice 11.2kB dist/ble/scanner.js
npm notice 8.7kB dist/ble/scanner.js.map
npm notice 1.9kB dist/ble/types.d.ts
npm notice 1.8kB dist/ble/types.d.ts.map
npm notice 1.2kB dist/ble/types.js
npm notice 553B dist/ble/types.js.map
npm notice 1.7kB dist/buffer/scorer.d.ts
npm notice 1.1kB dist/buffer/scorer.d.ts.map
npm notice 9.7kB dist/buffer/scorer.js
npm notice 9.0kB dist/buffer/scorer.js.map
npm notice 1.8kB dist/cars-wire.d.ts
npm notice 770B dist/cars-wire.d.ts.map
npm notice 1.4kB dist/cars-wire.js
npm notice 766B dist/cars-wire.js.map
npm notice 3.1kB dist/cognitive-passport-profiles.d.ts
npm notice 1.7kB dist/cognitive-passport-profiles.d.ts.map
npm notice 6.5kB dist/cognitive-passport-profiles.js
npm notice 6.0kB dist/cognitive-passport-profiles.js.map
npm notice 73B dist/cognitive-passport-profiles.test.d.ts
npm notice 158B dist/cognitive-passport-profiles.test.d.ts.map
npm notice 1.7kB dist/cognitive-passport-profiles.test.js
npm notice 1.8kB dist/cognitive-passport-profiles.test.js.map
npm notice 320B dist/cognitive-passport-schema.d.ts
npm notice 194B dist/cognitive-passport-schema.d.ts.map
npm notice 311B dist/cognitive-passport-schema.js
npm notice 197B dist/cognitive-passport-schema.js.map
npm notice 1.4kB dist/cogpass-consumer-registry.d.ts
npm notice 695B dist/cogpass-consumer-registry.d.ts.map
npm notice 3.0kB dist/cogpass-consumer-registry.js
npm notice 1.6kB dist/cogpass-consumer-registry.js.map
npm notice 2.6kB dist/crypto/postQuantum.d.ts
npm notice 1.9kB dist/crypto/postQuantum.d.ts.map
npm notice 9.5kB dist/crypto/postQuantum.js
npm notice 8.5kB dist/crypto/postQuantum.js.map
npm notice 1.1kB dist/economy/economyStore.d.ts
npm notice 962B dist/economy/economyStore.d.ts.map
npm notice 7.0kB dist/economy/economyStore.js
npm notice 6.1kB dist/economy/economyStore.js.map
npm notice 99B dist/economy/index.d.ts
npm notice 166B dist/economy/index.d.ts.map
npm notice 97B dist/economy/index.js
npm notice 164B dist/economy/index.js.map
npm notice 2.6kB dist/events/eventBus.d.ts
npm notice 2.5kB dist/events/eventBus.d.ts.map
npm notice 2.3kB dist/events/eventBus.js
npm notice 1.4kB dist/events/eventBus.js.map
npm notice 137B dist/events/index.d.ts
npm notice 204B dist/events/index.d.ts.map
npm notice 87B dist/events/index.js
npm notice 161B dist/events/index.js.map
npm notice 665B dist/geodesic-build-snapshot.d.ts
npm notice 292B dist/geodesic-build-snapshot.d.ts.map
npm notice 642B dist/geodesic-build-snapshot.js
npm notice 305B dist/geodesic-build-snapshot.js.map
npm notice 1.0kB dist/geodesic-campaign.d.ts
npm notice 716B dist/geodesic-campaign.d.ts.map
npm notice 2.7kB dist/geodesic-campaign.js
npm notice 1.8kB dist/geodesic-campaign.js.map
npm notice 3.9kB dist/geodesic-room-wire.d.ts
npm notice 3.9kB dist/geodesic-room-wire.d.ts.map
npm notice 544B dist/geodesic-room-wire.js
npm notice 328B dist/geodesic-room-wire.js.map
npm notice 1.5kB dist/hibernation/example.d.ts
npm notice 722B dist/hibernation/example.d.ts.map
npm notice 7.2kB dist/hibernation/example.js
npm notice 5.7kB dist/hibernation/example.js.map
npm notice 7.4kB dist/hibernation/hibernation.d.ts
npm notice 4.0kB dist/hibernation/hibernation.d.ts.map
npm notice 14.8kB dist/hibernation/hibernation.js
npm notice 10.4kB dist/hibernation/hibernation.js.map
npm notice 595B dist/hibernation/index.d.ts
npm notice 298B dist/hibernation/index.d.ts.map
npm notice 494B dist/hibernation/index.js
npm notice 226B dist/hibernation/index.js.map
npm notice 507B dist/index.d.ts
npm notice 472B dist/index.d.ts.map
npm notice 541B dist/index.js
npm notice 445B dist/index.js.map
npm notice 1.6kB dist/integration-example.d.ts
npm notice 694B dist/integration-example.d.ts.map
npm notice 8.8kB dist/integration-example.js
npm notice 5.1kB dist/integration-example.js.map
npm notice 160B dist/net/fetchWithTimeout.d.ts
npm notice 246B dist/net/fetchWithTimeout.d.ts.map
npm notice 502B dist/net/fetchWithTimeout.js
npm notice 541B dist/net/fetchWithTimeout.js.map
npm notice 90B dist/net/index.d.ts
npm notice 154B dist/net/index.d.ts.map
npm notice 88B dist/net/index.js
npm notice 152B dist/net/index.js.map
npm notice 5.2kB dist/network/meshOptimizer.d.ts
npm notice 3.0kB dist/network/meshOptimizer.d.ts.map
npm notice 18.5kB dist/network/meshOptimizer.js
npm notice 15.9kB dist/network/meshOptimizer.js.map
npm notice 1.8kB dist/qfactor/index.d.ts
npm notice 1.3kB dist/qfactor/index.d.ts.map
npm notice 11.1kB dist/qfactor/index.js
npm notice 8.6kB dist/qfactor/index.js.map
npm notice 1.2kB dist/rules/cognitiveShield.d.ts
npm notice 676B dist/rules/cognitiveShield.d.ts.map
npm notice 11.0kB dist/rules/cognitiveShield.js
npm notice 7.1kB dist/rules/cognitiveShield.js.map
npm notice 1.2kB dist/rules/engine.d.ts
npm notice 832B dist/rules/engine.d.ts.map
npm notice 8.9kB dist/rules/engine.js
npm notice 7.1kB dist/rules/engine.js.map
npm notice 316B dist/rules/index.d.ts
npm notice 325B dist/rules/index.d.ts.map
npm notice 844B dist/rules/index.js
npm notice 431B dist/rules/index.js.map
npm notice 3.8kB dist/rules/types.d.ts
npm notice 3.9kB dist/rules/types.d.ts.map
npm notice 942B dist/rules/types.js
npm notice 365B dist/rules/types.js.map
npm notice 954B dist/schema-versions.d.ts
npm notice 288B dist/schema-versions.d.ts.map
npm notice 1.2kB dist/schema-versions.js
npm notice 540B dist/schema-versions.js.map
npm notice 278B dist/security-headers.d.ts
npm notice 331B dist/security-headers.d.ts.map
npm notice 1.2kB dist/security-headers.js
npm notice 1.1kB dist/security-headers.js.map
npm notice 407B dist/sovereign/audioEngine.d.ts
npm notice 323B dist/sovereign/audioEngine.d.ts.map
npm notice 2.5kB dist/sovereign/audioEngine.js
npm notice 3.1kB dist/sovereign/audioEngine.js.map
npm notice 275B dist/sovereign/crypto.d.ts
npm notice 325B dist/sovereign/crypto.d.ts.map
npm notice 1.5kB dist/sovereign/crypto.js
npm notice 1.9kB dist/sovereign/crypto.js.map
npm notice 317B dist/sovereign/index.d.ts
npm notice 360B dist/sovereign/index.d.ts.map
npm notice 315B dist/sovereign/index.js
npm notice 358B dist/sovereign/index.js.map
npm notice 115B dist/sovereign/pwa.d.ts
npm notice 186B dist/sovereign/pwa.d.ts.map
npm notice 2.0kB dist/sovereign/pwa.js
npm notice 1.3kB dist/sovereign/pwa.js.map
npm notice 3.0kB dist/sovereign/shaders.d.ts
npm notice 191B dist/sovereign/shaders.d.ts.map
npm notice 2.9kB dist/sovereign/shaders.js
npm notice 242B dist/sovereign/shaders.js.map
npm notice 143B dist/sovereign/threeUtils.d.ts
npm notice 220B dist/sovereign/threeUtils.d.ts.map
npm notice 539B dist/sovereign/threeUtils.js
npm notice 772B dist/sovereign/threeUtils.js.map
npm notice 6.0kB dist/state/communicationPatterns.d.ts
npm notice 2.8kB dist/state/communicationPatterns.d.ts.map
npm notice 10.3kB dist/state/communicationPatterns.js
npm notice 8.7kB dist/state/communicationPatterns.js.map
npm notice 2.3kB dist/telemetry/backoff.d.ts
npm notice 1.4kB dist/telemetry/backoff.d.ts.map
npm notice 3.5kB dist/telemetry/backoff.js
npm notice 3.0kB dist/telemetry/backoff.js.map
npm notice 2.6kB dist/telemetry/circuitBreaker.d.ts
npm notice 1.4kB dist/telemetry/circuitBreaker.d.ts.map
npm notice 5.2kB dist/telemetry/circuitBreaker.js
npm notice 4.2kB dist/telemetry/circuitBreaker.js.map
npm notice 1.6kB dist/telemetry/daubert-export.d.ts
npm notice 638B dist/telemetry/daubert-export.d.ts.map
npm notice 2.3kB dist/telemetry/daubert-export.js
npm notice 1.3kB dist/telemetry/daubert-export.js.map
npm notice 7.6kB dist/telemetry/errorHandler.d.ts
npm notice 3.0kB dist/telemetry/errorHandler.d.ts.map
npm notice 13.2kB dist/telemetry/errorHandler.js
npm notice 9.9kB dist/telemetry/errorHandler.js.map
npm notice 499B dist/telemetry/index.d.ts
npm notice 441B dist/telemetry/index.d.ts.map
npm notice 424B dist/telemetry/index.js
npm notice 386B dist/telemetry/index.js.map
npm notice 1.1kB dist/telemetry/logger.d.ts
npm notice 350B dist/telemetry/logger.d.ts.map
npm notice 2.7kB dist/telemetry/logger.js
npm notice 2.3kB dist/telemetry/logger.js.map
npm notice 1.1kB dist/telemetry/offlineTransport.d.ts
npm notice 606B dist/telemetry/offlineTransport.d.ts.map
npm notice 8.7kB dist/telemetry/offlineTransport.js
npm notice 7.5kB dist/telemetry/offlineTransport.js.map
npm notice 5.0kB dist/telemetry/performance.d.ts
npm notice 3.3kB dist/telemetry/performance.d.ts.map
npm notice 11.7kB dist/telemetry/performance.js
npm notice 9.8kB dist/telemetry/performance.js.map
npm notice 892B dist/telemetry/telemetryStore.d.ts
npm notice 910B dist/telemetry/telemetryStore.d.ts.map
npm notice 7.1kB dist/telemetry/telemetryStore.js
npm notice 5.8kB dist/telemetry/telemetryStore.js.map
npm notice 4.3kB dist/theme/hooks.d.ts
npm notice 891B dist/theme/hooks.d.ts.map
npm notice 6.2kB dist/theme/hooks.js
npm notice 5.7kB dist/theme/hooks.js.map
npm notice 188B dist/theme/index.d.ts
npm notice 237B dist/theme/index.d.ts.map
npm notice 255B dist/theme/index.js
npm notice 261B dist/theme/index.js.map
npm notice 2.0kB dist/theme/lazyThemeLoader.d.ts
npm notice 1.2kB dist/theme/lazyThemeLoader.d.ts.map
npm notice 8.7kB dist/theme/lazyThemeLoader.js
npm notice 5.9kB dist/theme/lazyThemeLoader.js.map
npm notice 129B dist/theme/presets/aurora.d.ts
npm notice 208B dist/theme/presets/aurora.d.ts.map
npm notice 2.5kB dist/theme/presets/aurora.js
npm notice 1.6kB dist/theme/presets/aurora.js.map
npm notice 134B dist/theme/presets/grayRock.d.ts
npm notice 212B dist/theme/presets/grayRock.d.ts.map
npm notice 2.9kB dist/theme/presets/grayRock.js
npm notice 1.8kB dist/theme/presets/grayRock.js.map
npm notice 142B dist/theme/presets/highContrast.d.ts
npm notice 222B dist/theme/presets/highContrast.d.ts.map
npm notice 3.2kB dist/theme/presets/highContrast.js
npm notice 2.0kB dist/theme/presets/highContrast.js.map
npm notice 785B dist/theme/presets/index.d.ts
npm notice 585B dist/theme/presets/index.d.ts.map
npm notice 711B dist/theme/presets/index.js
npm notice 680B dist/theme/presets/index.js.map
npm notice 125B dist/theme/presets/kids.d.ts
npm notice 204B dist/theme/presets/kids.d.ts.map
npm notice 2.8kB dist/theme/presets/kids.js
npm notice 1.7kB dist/theme/presets/kids.js.map
npm notice 136B dist/theme/presets/lowMotion.d.ts
npm notice 216B dist/theme/presets/lowMotion.d.ts.map
npm notice 2.7kB dist/theme/presets/lowMotion.js
npm notice 1.8kB dist/theme/presets/lowMotion.js.map
npm notice 133B dist/theme/presets/operator.d.ts
npm notice 212B dist/theme/presets/operator.d.ts.map
npm notice 2.3kB dist/theme/presets/operator.js
npm notice 1.6kB dist/theme/presets/operator.js.map
npm notice 1.2kB dist/theme/store.d.ts
npm notice 395B dist/theme/store.d.ts.map
npm notice 6.0kB dist/theme/store.js
npm notice 6.4kB dist/theme/store.js.map
npm notice 620B dist/theme/tokens/animation.d.ts
npm notice 248B dist/theme/tokens/animation.d.ts.map
npm notice 498B dist/theme/tokens/animation.js
npm notice 437B dist/theme/tokens/animation.js.map
npm notice 559B dist/theme/tokens/axis.d.ts
npm notice 208B dist/theme/tokens/axis.d.ts.map
npm notice 636B dist/theme/tokens/axis.js
npm notice 498B dist/theme/tokens/axis.js.map
npm notice 618B dist/theme/tokens/brand.d.ts
npm notice 211B dist/theme/tokens/brand.d.ts.map
npm notice 542B dist/theme/tokens/brand.js
npm notice 472B dist/theme/tokens/brand.js.map
npm notice 811B dist/theme/tokens/index.d.ts
npm notice 577B dist/theme/tokens/index.d.ts.map
npm notice 496B dist/theme/tokens/index.js
npm notice 614B dist/theme/tokens/index.js.map
npm notice 435B dist/theme/tokens/operatorLane.d.ts
npm notice 231B dist/theme/tokens/operatorLane.d.ts.map
npm notice 314B dist/theme/tokens/operatorLane.js
npm notice 312B dist/theme/tokens/operatorLane.js.map
npm notice 945B dist/theme/tokens/semantic.d.ts
npm notice 229B dist/theme/tokens/semantic.d.ts.map
npm notice 809B dist/theme/tokens/semantic.js
npm notice 690B dist/theme/tokens/semantic.js.map
npm notice 1.3kB dist/theme/tokens/typography.d.ts
npm notice 241B dist/theme/tokens/typography.d.ts.map
npm notice 1.0kB dist/theme/tokens/typography.js
npm notice 659B dist/theme/tokens/typography.js.map
npm notice 3.0kB dist/theme/types.d.ts
npm notice 3.3kB dist/theme/types.d.ts.map
npm notice 82B dist/theme/types.js
npm notice 122B dist/theme/types.js.map
npm notice 2.8kB dist/theme/utils.d.ts
npm notice 1.7kB dist/theme/utils.d.ts.map
npm notice 6.7kB dist/theme/utils.js
npm notice 5.7kB dist/theme/utils.js.map
npm notice 2.5kB dist/trust/aegis-mapper.d.ts
npm notice 1.2kB dist/trust/aegis-mapper.d.ts.map
npm notice 6.6kB dist/trust/aegis-mapper.js
npm notice 3.8kB dist/trust/aegis-mapper.js.map
npm notice 58B dist/trust/aegis-mapper.test.d.ts
npm notice 137B dist/trust/aegis-mapper.test.d.ts.map
npm notice 4.8kB dist/trust/aegis-mapper.test.js
npm notice 4.4kB dist/trust/aegis-mapper.test.js.map
npm notice 2.9kB dist/trust/eigentrust.d.ts
npm notice 1.3kB dist/trust/eigentrust.d.ts.map
npm notice 5.6kB dist/trust/eigentrust.js
npm notice 4.8kB dist/trust/eigentrust.js.map
npm notice 56B dist/trust/eigentrust.test.d.ts
npm notice 133B dist/trust/eigentrust.test.d.ts.map
npm notice 5.7kB dist/trust/eigentrust.test.js
npm notice 6.3kB dist/trust/eigentrust.test.js.map
npm notice 554B dist/trust/index.d.ts
npm notice 312B dist/trust/index.d.ts.map
npm notice 446B dist/trust/index.js
npm notice 230B dist/trust/index.js.map
npm notice 1.1kB dist/types/index.d.ts
npm notice 1.2kB dist/types/index.d.ts.map
npm notice 182B dist/types/index.js
npm notice 135B dist/types/index.js.map
npm notice 765B dist/ui/ErrorBoundary.d.ts
npm notice 748B dist/ui/ErrorBoundary.d.ts.map
npm notice 911B dist/ui/ErrorBoundary.js
npm notice 845B dist/ui/ErrorBoundary.js.map
npm notice 143B dist/ui/index.d.ts
npm notice 196B dist/ui/index.d.ts.map
npm notice 82B dist/ui/index.js
npm notice 149B dist/ui/index.js.map
npm notice 1.4kB dist/zui/cameraStore.d.ts
npm notice 743B dist/zui/cameraStore.d.ts.map
npm notice 2.5kB dist/zui/cameraStore.js
npm notice 2.0kB dist/zui/cameraStore.js.map
npm notice 234B dist/zui/index.d.ts
npm notice 250B dist/zui/index.d.ts.map
npm notice 728B dist/zui/index.js
npm notice 346B dist/zui/index.js.map
npm notice 1.3kB dist/zui/sierpinski.d.ts
npm notice 799B dist/zui/sierpinski.d.ts.map
npm notice 7.3kB dist/zui/sierpinski.js
npm notice 6.6kB dist/zui/sierpinski.js.map
npm notice 1.9kB dist/zui/types.d.ts
npm notice 2.1kB dist/zui/types.d.ts.map
npm notice 866B dist/zui/types.js
npm notice 344B dist/zui/types.js.map
npm notice 1.2kB eslint.config.mjs
npm notice 2.0kB package.json
npm notice 589B src/ble/index.ts
npm notice 10.6kB src/ble/scanner.ts
npm notice 2.5kB src/ble/types.ts
npm notice 10.7kB src/buffer/scorer.ts
npm notice 1.8kB src/cars-wire.ts
npm notice 1.5kB src/cognitive-passport-profiles.test.ts
npm notice 7.0kB src/cognitive-passport-profiles.ts
npm notice 268B src/cognitive-passport-schema.ts
npm notice 3.4kB src/cogpass-consumer-registry.ts
npm notice 12.1kB src/crypto/postQuantum.ts
npm notice 8.0kB src/economy/economyStore.ts
npm notice 64B src/economy/index.ts
npm notice 3.7kB src/events/eventBus.ts
npm notice 102B src/events/index.ts
npm notice 621B src/geodesic-build-snapshot.ts
npm notice 3.0kB src/geodesic-campaign.ts
npm notice 3.7kB src/geodesic-room-wire.ts
npm notice 7.5kB src/hibernation/example.ts
npm notice 16.9kB src/hibernation/hibernation.ts
npm notice 580B src/hibernation/index.ts
npm notice 7.3kB src/hibernation/README.md
npm notice 614B src/index.ts
npm notice 8.3kB src/integration-example.ts
npm notice 513B src/net/fetchWithTimeout.ts
npm notice 55B src/net/index.ts
npm notice 19.5kB src/network/meshOptimizer.ts
npm notice 13.5kB src/qfactor/index.ts
npm notice 10.3kB src/rules/cognitiveShield.ts
npm notice 8.7kB src/rules/engine.ts
npm notice 813B src/rules/index.ts
npm notice 6.0kB src/rules/types.ts
npm notice 1.3kB src/schema-versions.ts
npm notice 1.2kB src/security-headers.ts
npm notice 2.4kB src/sovereign/audioEngine.ts
npm notice 1.5kB src/sovereign/crypto.ts
npm notice 282B src/sovereign/index.ts
npm notice 1.9kB src/sovereign/pwa.ts
npm notice 2.9kB src/sovereign/shaders.ts
npm notice 544B src/sovereign/threeUtils.ts
npm notice 10.9kB src/state/communicationPatterns.ts
npm notice 4.1kB src/telemetry/backoff.ts
npm notice 5.5kB src/telemetry/circuitBreaker.ts
npm notice 2.5kB src/telemetry/daubert-export.ts
npm notice 13.5kB src/telemetry/errorHandler.ts
npm notice 488B src/telemetry/index.ts
npm notice 2.6kB src/telemetry/logger.ts
npm notice 8.8kB src/telemetry/offlineTransport.ts
npm notice 13.9kB src/telemetry/performance.ts
npm notice 7.5kB src/telemetry/telemetryStore.ts
npm notice 8.2kB src/theme/css-variables.css
npm notice 6.1kB src/theme/hooks.ts
npm notice 222B src/theme/index.ts
npm notice 7.9kB src/theme/lazyThemeLoader.ts
npm notice 2.2kB src/theme/presets/aurora.ts
npm notice 2.6kB src/theme/presets/grayRock.ts
npm notice 2.9kB src/theme/presets/highContrast.ts
npm notice 736B src/theme/presets/index.ts
npm notice 2.5kB src/theme/presets/kids.ts
npm notice 2.4kB src/theme/presets/lowMotion.ts
npm notice 2.0kB src/theme/presets/operator.ts
npm notice 10.5kB src/theme/README.md
npm notice 6.4kB src/theme/store.ts
npm notice 491B src/theme/tokens/animation.ts
npm notice 659B src/theme/tokens/axis.ts
npm notice 547B src/theme/tokens/brand.ts
npm notice 771B src/theme/tokens/index.ts
npm notice 330B src/theme/tokens/operatorLane.ts
npm notice 801B src/theme/tokens/semantic.ts
npm notice 989B src/theme/tokens/typography.ts
npm notice 3.1kB src/theme/types.ts
npm notice 6.9kB src/theme/utils.ts
npm notice 4.8kB src/trust/aegis-mapper.test.ts
npm notice 7.8kB src/trust/aegis-mapper.ts
npm notice 5.3kB src/trust/eigentrust.test.ts
npm notice 6.5kB src/trust/eigentrust.ts
npm notice 542B src/trust/index.ts
npm notice 1.0kB src/types/index.ts
npm notice 1.2kB src/ui/ErrorBoundary.tsx
npm notice 108B src/ui/index.ts
npm notice 2.9kB src/zui/cameraStore.ts
npm notice 696B src/zui/index.ts
npm notice 7.2kB src/zui/sierpinski.ts
npm notice 2.7kB src/zui/types.ts
npm notice 354B tsconfig.json
npm notice 621B vitest.config.ts
npm notice Tarball Details
npm notice name: @p31/shared
npm notice version: 0.0.1
npm notice filename: p31-shared-0.0.1.tgz
npm notice package size: 259.9 kB
npm notice unpacked size: 1.1 MB
npm notice shasum: 5896f36aebcb1131fb58fd7dbce3141502e305fb
npm notice integrity: sha512-o8TQ0k3Q+GPla[...]1yLqgyvAnna9w==
npm notice total files: 411
npm notice
npm error code ENEEDAUTH
npm error need auth This command requires you to be logged in to https://registry.npmjs.org/
npm error need auth You need to authorize this machine using `npm adduser`
npm error A complete log of this run can be found in: /home/p31/.npm/_logs/2026-06-13T01_31_51_496Z-debug-0.log
[2026-06-12] npm publish skipped (already latest?)
[2026-06-12] Cleaning logs...
[2026-06-12] === Pipeline complete ===
