# Efficiency Baseline - 2026-06-12T20:30:23-04:00
Initial TTFB: 515ms | Worker: p31-spoon-bridge
Lock file: 37858 lines | Monorepo: pnpm workspace
Audit crawler: producing leads | Package assets: Gumroad+npm ready
2026-06-12T21:00:01-04:00 | TTFB:0.154224s | Streams:5/5 | Leads:47
2026-06-12T22:00:01-04:00 | TTFB:0.144943s | Streams:0/0 | Leads:0
2026-06-12T23:00:01-04:00 | TTFB:0.166360s | Streams:0/0 | Leads:0
2026-06-13T00:00:01-04:00 | TTFB:0.148643s | Streams:0/0 | Leads:0
2026-06-13T06:00:01-04:00 | TTFB:0.114383s | Streams:0/0 | Leads:0
2026-06-13T07:00:01-04:00 | TTFB:0.139998s | Streams:0/0 | Leads:0
2026-06-13T08:00:01-04:00 | TTFB:0.153972s | Streams:0/0 | Leads:0
2026-06-13T09:00:01-04:00 | TTFB:0.175281s | Streams:0/0 | Leads:0
2026-06-13T11:00:01-04:00 | TTFB:0.112412s | Streams:0/0 | Leads:0
2026-06-13T13:00:01-04:00 | TTFB:0.172836s | Streams:0/0 | Leads:0
2026-06-13T14:00:01-04:00 | TTFB:0.000000fails | Streams:0/0 | Leads:0
2026-06-13T18:00:02-04:00 | TTFB:0.387924s | Streams:0/0 | Leads:0
2026-06-13T19:00:01-04:00 | TTFB:0.327801s | Streams:0/0 | Leads:0
2026-06-13T20:00:01-04:00 | TTFB:0.434724s | Streams:0/0 | Leads:0
2026-06-13T21:00:01-04:00 | TTFB:0.568801s | Streams:0/0 | Leads:0
2026-06-13T22:00:01-04:00 | TTFB:0.426628s | Streams:0/0 | Leads:0
2026-06-13T23:00:01-04:00 | TTFB:0.380540s | Streams:0/0 | Leads:0
2026-06-14T07:00:01-04:00 | TTFB:0.374034s | Streams:0/0 | Leads:0
2026-06-14T08:00:01-04:00 | TTFB:0.389466s | Streams:0/0 | Leads:0
2026-06-14T10:00:01-04:00 | TTFB:0.498496s | Streams:0/0 | Leads:0
2026-06-14T11:00:01-04:00 | TTFB:0.327246s | Streams:0/0 | Leads:0
2026-06-14T12:00:01-04:00 | TTFB:0.323153s | Streams:0/0 | Leads:0
2026-06-14T15:00:01-04:00 | TTFB:0.350345s | Streams:0/0 | Leads:0
2026-06-14T16:01:30-04:00 | TTFB:4.417027s | Streams:0/0 | Leads:0
2026-06-14T17:00:01-04:00 | TTFB:0.309163s | Streams:0/0 | Leads:0
2026-06-14T18:00:01-04:00 | TTFB:0.321000s | Streams:0/0 | Leads:0
2026-06-14T19:00:01-04:00 | TTFB:0.379477s | Streams:0/0 | Leads:0
2026-06-14T20:00:02-04:00 | TTFB:0.372905s | Streams:0/0 | Leads:0
2026-06-14T21:00:01-04:00 | TTFB:0.323387s | Streams:0/0 | Leads:0
2026-06-14T22:00:01-04:00 | TTFB:0.392471s | Streams:5/6 | Leads:0
2026-06-15T09:00:01-04:00 | TTFB:0.310237s | Streams:0/6 | Leads:0
2026-06-15T11:00:02-04:00 | TTFB:0.428697s | Streams:0/6 | Leads:0
2026-06-15T12:00:01-04:00 | TTFB:0.352527s | Streams:0/6 | Leads:0
2026-06-15T13:00:02-04:00 | TTFB:0.380759s | Streams:0/6 | Leads:0
2026-06-15T14:00:01-04:00 | TTFB:0.339202s | Streams:0/6 | Leads:0
2026-06-15T15:00:01-04:00 | TTFB:0.339582s | Streams:0/6 | Leads:0
