[Sun Jun 14 21:36:24 EDT 2026] === Health check ===
[Sun Jun 14 21:36:24 EDT 2026]  MISSING bounty-hunter — no pid file
[Sun Jun 14 21:36:24 EDT 2026]  Started bounty-hunter (PID 4229)
[Sun Jun 14 21:36:24 EDT 2026]  MISSING package-assets — no pid file
[Sun Jun 14 21:36:24 EDT 2026]  Started package-assets (PID 4240)
[Sun Jun 14 21:36:24 EDT 2026]  MISSING audit-crawler — no pid file
[Sun Jun 14 21:36:24 EDT 2026]  Started audit-crawler (PID 4256)
[Sun Jun 14 21:36:24 EDT 2026]  MISSING publish-action — no pid file
[Sun Jun 14 21:36:24 EDT 2026]  Started publish-action (PID 4276)
[Sun Jun 14 21:36:24 EDT 2026]  MISSING post-sponsorships — no pid file
[Sun Jun 14 21:36:24 EDT 2026]  Started post-sponsorships (PID 4300)
[Sun Jun 14 21:41:24 EDT 2026] === Health check ===
[Sun Jun 14 21:46:24 EDT 2026] === Health check ===
[Sun Jun 14 21:51:24 EDT 2026] === Health check ===
[Sun Jun 14 21:56:24 EDT 2026] === Health check ===
[Sun Jun 14 22:01:24 EDT 2026] === Health check ===
[Sun Jun 14 22:01:24 EDT 2026]  DEAD bounty-hunter (PID 4229 exited)
[Sun Jun 14 22:01:24 EDT 2026]  Restarting bounty-hunter...
[Sun Jun 14 22:01:24 EDT 2026]  Restarted bounty-hunter (PID 15428)
[Sun Jun 14 22:06:24 EDT 2026] === Health check ===
[Sun Jun 14 22:11:24 EDT 2026] === Health check ===
[Sun Jun 14 22:16:24 EDT 2026] === Health check ===
[Sun Jun 14 22:21:24 EDT 2026] === Health check ===
[Sun Jun 14 22:26:24 EDT 2026] === Health check ===
[Sun Jun 14 22:31:24 EDT 2026] === Health check ===
[Sun Jun 14 22:36:24 EDT 2026] === Health check ===
[Mon Jun 15 04:48:26 EDT 2026] === Health check ===
[Mon Jun 15 04:48:26 EDT 2026]  DEAD package-assets (PID 4240 exited)
[Mon Jun 15 04:48:26 EDT 2026]  Restarting package-assets...
[Mon Jun 15 04:48:26 EDT 2026]  Restarted package-assets (PID 26604)
[Mon Jun 15 04:48:26 EDT 2026]  DEAD audit-crawler (PID 4256 exited)
[Mon Jun 15 04:48:26 EDT 2026]  Restarting audit-crawler...
[Mon Jun 15 04:48:26 EDT 2026]  Restarted audit-crawler (PID 26616)
[Mon Jun 15 04:48:26 EDT 2026]  DEAD publish-action (PID 4276 exited)
[Mon Jun 15 04:48:26 EDT 2026]  Restarting publish-action...
[Mon Jun 15 04:48:26 EDT 2026]  Restarted publish-action (PID 26634)
ge-assets (PID 4240)
[Sun Jun 14 21:56:24 EDT 2026]  OK  audit-crawler (PID 4256)
[Sun Jun 14 21:56:24 EDT 2026]  OK  publish-action (PID 4276)
[Sun Jun 14 21:56:24 EDT 2026]  OK  post-sponsorships (PID 6696)
[Sun Jun 14 21:56:24 EDT 2026] All streams healthy
[Sun Jun 14 22:01:24 EDT 2026] === Health check ===
[Sun Jun 14 22:01:24 EDT 2026]  DEAD bounty-hunter (PID 4229 exited)
[Sun Jun 14 22:01:24 EDT 2026]  Restarting bounty-hunter...
[Sun Jun 14 22:01:24 EDT 2026]  Restarted bounty-hunter (PID 15428)
[Sun Jun 14 22:01:24 EDT 2026]  OK  package-assets (PID 4240)
[Sun Jun 14 22:01:24 EDT 2026]  OK  audit-crawler (PID 4256)
[Sun Jun 14 22:01:24 EDT 2026]  OK  publish-action (PID 4276)
[Sun Jun 14 22:01:24 EDT 2026]  OK  post-sponsorships (PID 6696)
[Sun Jun 14 22:06:24 EDT 2026] === Health check ===
[Sun Jun 14 22:06:24 EDT 2026]  OK  bounty-hunter (PID 15428)
[Sun Jun 14 22:06:24 EDT 2026]  OK  package-assets (PID 4240)
[Sun Jun 14 22:06:24 EDT 2026]  OK  audit-crawler (PID 4256)
[Sun Jun 14 22:06:24 EDT 2026]  OK  publish-action (PID 4276)
[Sun Jun 14 22:06:24 EDT 2026]  OK  post-sponsorships (PID 6696)
[Sun Jun 14 22:06:24 EDT 2026] All streams healthy
[Sun Jun 14 22:11:24 EDT 2026] === Health check ===
[Sun Jun 14 22:11:24 EDT 2026]  OK  bounty-hunter (PID 15428)
[Sun Jun 14 22:11:24 EDT 2026]  OK  package-assets (PID 4240)
[Sun Jun 14 22:11:24 EDT 2026]  OK  audit-crawler (PID 4256)
[Sun Jun 14 22:11:24 EDT 2026]  OK  publish-action (PID 4276)
[Sun Jun 14 22:11:24 EDT 2026]  OK  post-sponsorships (PID 6696)
[Sun Jun 14 22:11:24 EDT 2026] All streams healthy
[Sun Jun 14 22:16:24 EDT 2026] === Health check ===
[Sun Jun 14 22:16:24 EDT 2026]  OK  bounty-hunter (PID 15428)
[Sun Jun 14 22:16:24 EDT 2026]  OK  package-assets (PID 4240)
[Sun Jun 14 22:16:24 EDT 2026]  OK  audit-crawler (PID 4256)
[Sun Jun 14 22:16:24 EDT 2026]  OK  publish-action (PID 4276)
[Sun Jun 14 22:16:24 EDT 2026]  OK  post-sponsorships (PID 6696)
[Sun Jun 14 22:16:24 EDT 2026] All streams healthy
[Sun Jun 14 22:21:24 EDT 2026] === Health check ===
[Sun Jun 14 22:21:24 EDT 2026]  OK  bounty-hunter (PID 15428)
[Sun Jun 14 22:21:24 EDT 2026]  OK  package-assets (PID 4240)
[Sun Jun 14 22:21:24 EDT 2026]  OK  audit-crawler (PID 4256)
[Sun Jun 14 22:21:24 EDT 2026]  OK  publish-action (PID 4276)
[Sun Jun 14 22:21:24 EDT 2026]  OK  post-sponsorships (PID 6696)
[Sun Jun 14 22:21:24 EDT 2026] All streams healthy
[Sun Jun 14 22:26:24 EDT 2026] === Health check ===
[Sun Jun 14 22:26:24 EDT 2026]  OK  bounty-hunter (PID 15428)
[Sun Jun 14 22:26:24 EDT 2026]  OK  package-assets (PID 4240)
[Sun Jun 14 22:26:24 EDT 2026]  OK  audit-crawler (PID 4256)
[Sun Jun 14 22:26:24 EDT 2026]  OK  publish-action (PID 4276)
[Sun Jun 14 22:26:24 EDT 2026]  OK  post-sponsorships (PID 6696)
[Sun Jun 14 22:26:24 EDT 2026] All streams healthy
[Sun Jun 14 22:31:24 EDT 2026] === Health check ===
[Sun Jun 14 22:31:24 EDT 2026]  OK  bounty-hunter (PID 15428)
[Sun Jun 14 22:31:24 EDT 2026]  OK  package-assets (PID 4240)
[Sun Jun 14 22:31:24 EDT 2026]  OK  audit-crawler (PID 4256)
[Sun Jun 14 22:31:24 EDT 2026]  OK  publish-action (PID 4276)
[Sun Jun 14 22:31:24 EDT 2026]  OK  post-sponsorships (PID 6696)
[Sun Jun 14 22:31:24 EDT 2026] All streams healthy
[Sun Jun 14 22:36:24 EDT 2026] === Health check ===
[Sun Jun 14 22:36:24 EDT 2026]  OK  bounty-hunter (PID 15428)
[Sun Jun 14 22:36:24 EDT 2026]  OK  package-assets (PID 4240)
[Sun Jun 14 22:36:24 EDT 2026]  OK  audit-crawler (PID 4256)
[Sun Jun 14 22:36:24 EDT 2026]  OK  publish-action (PID 4276)
[Sun Jun 14 22:36:24 EDT 2026]  OK  post-sponsorships (PID 6696)
[Sun Jun 14 22:36:24 EDT 2026] All streams healthy
[Mon Jun 15 04:48:26 EDT 2026] === Health check ===
[Mon Jun 15 04:48:26 EDT 2026]  OK  bounty-hunter (PID 15428)
[Mon Jun 15 04:48:26 EDT 2026]  DEAD package-assets (PID 4240 exited)
[Mon Jun 15 04:48:26 EDT 2026]  Restarting package-assets...
[Mon Jun 15 04:48:26 EDT 2026]  Restarted package-assets (PID 26604)
[Mon Jun 15 04:48:26 EDT 2026]  DEAD audit-crawler (PID 4256 exited)
[Mon Jun 15 04:48:26 EDT 2026]  Restarting audit-crawler...
[Mon Jun 15 04:48:26 EDT 2026]  Restarted audit-crawler (PID 26616)
[Mon Jun 15 04:48:26 EDT 2026]  DEAD publish-action (PID 4276 exited)
[Mon Jun 15 04:48:26 EDT 2026]  Restarting publish-action...
[Mon Jun 15 04:48:26 EDT 2026]  Restarted publish-action (PID 26634)
[Mon Jun 15 04:48:26 EDT 2026]  OK  post-sponsorships (PID 6696)
