[Sun Jun 14 21:38:33 EDT 2026] === Outreach Automation starting ===
[Sun Jun 14 21:38:33 EDT 2026] === Outreach cycle ===
[Sun Jun 14 21:38:33 EDT 2026] Syncing GitHub Sponsors tiers...
/home/p31/P31-local-workspace/scripts/post-sponsorships.sh: line 29: local: can only be used in a function
/home/p31/P31-local-workspace/scripts/post-sponsorships.sh: line 31: local: can only be used in a function
[Sun Jun 14 21:38:33 EDT 2026]  Outreach: [github-sponsors] api — Current sponsors: (API not available for this token)
[Sun Jun 14 21:38:33 EDT 2026] Pending leads to follow up: 30
jq: parse error: Unfinished string at EOF at line 2, column 0
jq: parse error: Unfinished string at EOF at line 2, column 0
[Sun Jun 14 21:38:33 EDT 2026]  Outreach: [email-pending]  — ADA compliance opportunity for 
jq: parse error: Invalid numeric literal at line 1, column 3
jq: parse error: Invalid numeric literal at line 1, column 3
[Sun Jun 14 21:38:33 EDT 2026]  Outreach: [email-pending]  — ADA compliance opportunity for 
jq: parse error: Invalid numeric literal at line 2, column 0
jq: parse error: Invalid numeric literal at line 2, column 0
[Sun Jun 14 21:38:33 EDT 2026]  Outreach: [email-pending]  — ADA compliance opportunity for 
jq: parse error: Invalid numeric literal at line 2, column 0
jq: parse error: Invalid numeric literal at line 2, column 0
[Sun Jun 14 21:38:33 EDT 2026]  Outreach: [email-pending]  — ADA compliance opportunity for 
jq: parse error: Invalid numeric literal at line 2, column 0
jq: parse error: Invalid numeric literal at line 2, column 0
[Sun Jun 14 21:38:33 EDT 2026]  Outreach: [email-pending]  — ADA compliance opportunity for 
jq: parse error: Invalid numeric literal at line 2, column 0
jq: parse error: Invalid numeric literal at line 2, column 0
[Sun Jun 14 21:38:33 EDT 2026]  Outreach: [email-pending]  — ADA compliance opportunity for 
jq: parse error: Invalid numeric literal at line 2, column 0
jq: parse error: Invalid numeric literal at line 2, column 0
[Sun Jun 14 21:38:33 EDT 2026]  Outreach: [email-pending]  — ADA compliance opportunity for 
jq: parse error: Invalid literal at line 2, column 0
jq: parse error: Invalid literal at line 2, column 0
[Sun Jun 14 21:38:33 EDT 2026]  Outreach: [email-pending]  — ADA compliance opportunity for 
jq: parse error: Invalid numeric literal at line 2, column 0
jq: parse error: Invalid numeric literal at line 2, column 0
[Sun Jun 14 21:38:33 EDT 2026]  Outreach: [email-pending]  — ADA compliance opportunity for 
jq: parse error: Invalid numeric literal at line 2, column 0
jq: parse error: Invalid numeric literal at line 2, column 0
[Sun Jun 14 21:38:33 EDT 2026]  Outreach: [email-pending]  — ADA compliance opportunity for 
jq: parse error: Invalid numeric literal at line 2, column 0
jq: parse error: Invalid numeric literal at line 2, column 0
[Sun Jun 14 21:38:34 EDT 2026]  Outreach: [email-pending]  — ADA compliance opportunity for 
jq: parse error: Invalid literal at line 2, column 0
jq: parse error: Invalid literal at line 2, column 0
[Sun Jun 14 21:38:34 EDT 2026]  Outreach: [email-pending]  — ADA compliance opportunity for 
jq: parse error: Invalid numeric literal at line 2, column 0
jq: parse error: Invalid numeric literal at line 2, column 0
[Sun Jun 14 21:38:34 EDT 2026]  Outreach: [email-pending]  — ADA compliance opportunity for 
jq: parse error: Invalid numeric literal at line 1, column 8
jq: parse error: Invalid numeric literal at line 1, column 8
[Sun Jun 14 21:38:34 EDT 2026]  Outreach: [email-pending]  — ADA compliance opportunity for 
jq: parse error: Unfinished string at EOF at line 2, column 0
jq: parse error: Unfinished string at EOF at line 2, column 0
[Sun Jun 14 21:38:34 EDT 2026]  Outreach: [email-pending]  — ADA compliance opportunity for 
jq: parse error: Invalid numeric literal at line 1, column 3
jq: parse error: Invalid numeric literal at line 1, column 3
[Sun Jun 14 21:38:34 EDT 2026]  Outreach: [email-pending]  — ADA compliance opportunity for 
jq: parse error: Invalid numeric literal at line 2, column 0
jq: parse error: Invalid numeric literal at line 2, column 0
[Sun Jun 14 21:38:34 EDT 2026]  Outreach: [email-pending]  — ADA compliance opportunity for 
jq: parse error: Invalid numeric literal at line 2, column 0
jq: parse error: Invalid numeric literal at line 2, column 0
[Sun Jun 14 21:38:34 EDT 2026]  Outreach: [email-pending]  — ADA compliance opportunity for 
jq: parse error: Invalid numeric literal at line 2, column 0
jq: parse error: Invalid numeric literal at line 2, column 0
[Sun Jun 14 21:38:34 EDT 2026]  Outreach: [email-pending]  — ADA compliance opportunity for 
jq: parse error: Invalid numeric literal at line 2, column 0
jq: parse error: Invalid numeric literal at line 2, column 0
[Sun Jun 14 21:38:34 EDT 2026]  Outreach: [email-pending]  — ADA compliance opportunity for 
jq: parse error: Invalid numeric literal at line 2, column 0
jq: parse error: Invalid numeric literal at line 2, column 0
[Sun Jun 14 21:38:34 EDT 2026]  Outreach: [email-pending]  — ADA compliance opportunity for 
jq: parse error: Invalid literal at line 2, column 0
jq: parse error: Invalid literal at line 2, column 0
[Sun Jun 14 21:38:34 EDT 2026]  Outreach: [email-pending]  — ADA compliance opportunity for 
jq: parse error: Invalid numeric literal at line 2, column 0
jq: parse error: Invalid numeric literal at line 2, column 0
[Sun Jun 14 21:38:34 EDT 2026]  Outreach: [email-pending]  — ADA compliance opportunity for 
jq: parse error: Invalid numeric literal at line 2, column 0
jq: parse error: Invalid numeric literal at line 2, column 0
[Sun Jun 14 21:38:34 EDT 2026]  Outreach: [email-pending]  — ADA compliance opportunity for 
jq: parse error: Invalid literal at line 2, column 0
jq: parse error: Invalid literal at line 2, column 0
[Sun Jun 14 21:38:34 EDT 2026]  Outreach: [email-pending]  — ADA compliance opportunity for 
jq: parse error: Invalid numeric literal at line 1, column 9
jq: parse error: Invalid numeric literal at line 1, column 9
[Sun Jun 14 21:38:34 EDT 2026]  Outreach: [email-pending]  — ADA compliance opportunity for 
jq: parse error: Unfinished string at EOF at line 2, column 0
jq: parse error: Unfinished string at EOF at line 2, column 0
[Sun Jun 14 21:38:34 EDT 2026]  Outreach: [email-pending]  — ADA compliance opportunity for 
jq: parse error: Invalid numeric literal at line 1, column 3
jq: parse error: Invalid numeric literal at line 1, column 3
[Sun Jun 14 21:38:34 EDT 2026]  Outreach: [email-pending]  — ADA compliance opportunity for 
jq: parse error: Invalid numeric literal at line 2, column 0
jq: parse error: Invalid numeric literal at line 2, column 0
[Sun Jun 14 21:38:34 EDT 2026]  Outreach: [email-pending]  — ADA compliance opportunity for 
jq: parse error: Invalid numeric literal at line 2, column 0
jq: parse error: Invalid numeric literal at line 2, column 0
[Sun Jun 14 21:38:34 EDT 2026]  Outreach: [email-pending]  — ADA compliance opportunity for 
jq: parse error: Invalid numeric literal at line 2, column 0
jq: parse error: Invalid numeric literal at line 2, column 0
[Sun Jun 14 21:38:34 EDT 2026]  Outreach: [email-pending]  — ADA compliance opportunity for 
jq: parse error: Invalid numeric literal at line 2, column 0
jq: parse error: Invalid numeric literal at line 2, column 0
[Sun Jun 14 21:38:34 EDT 2026]  Outreach: [email-pending]  — ADA compliance opportunity for 
jq: parse error: Invalid numeric literal at line 2, column 0
jq: parse error: Invalid numeric literal at line 2, column 0
[Sun Jun 14 21:38:34 EDT 2026]  Outreach: [email-pending]  — ADA compliance opportunity for 
jq: parse error: Invalid numeric literal at line 2, column 0
jq: parse error: Invalid numeric literal at line 2, column 0
[Sun Jun 14 21:38:34 EDT 2026]  Outreach: [email-pending]  — ADA compliance opportunity for 
jq: parse error: Invalid numeric literal at line 1, column 5
jq: parse error: Invalid numeric literal at line 1, column 5
[Sun Jun 14 21:38:34 EDT 2026]  Outreach: [email-pending]  — ADA compliance opportunity for 
jq: parse error: Unfinished string at EOF at line 2, column 0
jq: parse error: Unfinished string at EOF at line 2, column 0
[Sun Jun 14 21:38:34 EDT 2026]  Outreach: [email-pending]  — ADA compliance opportunity for 
jq: parse error: Invalid numeric literal at line 1, column 3
jq: parse error: Invalid numeric literal at line 1, column 3
[Sun Jun 14 21:38:34 EDT 2026]  Outreach: [email-pending]  — ADA compliance opportunity for 
jq: parse error: Invalid numeric literal at line 2, column 0
jq: parse error: Invalid numeric literal at line 2, column 0
[Sun Jun 14 21:38:34 EDT 2026]  Outreach: [email-pending]  — ADA compliance opportunity for 
jq: parse error: Invalid numeric literal at line 2, column 0
jq: parse error: Invalid numeric literal at line 2, column 0
[Sun Jun 14 21:38:34 EDT 2026]  Outreach: [email-pending]  — ADA compliance opportunity for 
jq: parse error: Invalid numeric literal at line 2, column 0
jq: parse error: Invalid numeric literal at line 2, column 0
[Sun Jun 14 21:38:34 EDT 2026]  Outreach: [email-pending]  — ADA compliance opportunity for 
jq: parse error: Invalid numeric literal at line 2, column 0
jq: parse error: Invalid numeric literal at line 2, column 0
[Sun Jun 14 21:38:34 EDT 2026]  Outreach: [email-pending]  — ADA compliance opportunity for 
jq: parse error: Invalid numeric literal at line 2, column 0
jq: parse error: Invalid numeric literal at line 2, column 0
[Sun Jun 14 21:38:34 EDT 2026]  Outreach: [email-pending]  — ADA compliance opportunity for 
jq: parse error: Invalid numeric literal at line 2, column 0
jq: parse error: Invalid numeric literal at line 2, column 0
[Sun Jun 14 21:38:34 EDT 2026]  Outreach: [email-pending]  — ADA compliance opportunity for 
jq: parse error: Invalid numeric literal at line 1, column 6
jq: parse error: Invalid numeric literal at line 1, column 6
[Sun Jun 14 21:38:34 EDT 2026]  Outreach: [email-pending]  — ADA compliance opportunity for 
jq: parse error: Unfinished string at EOF at line 2, column 0
jq: parse error: Unfinished string at EOF at line 2, column 0
[Sun Jun 14 21:38:34 EDT 2026]  Outreach: [email-pending]  — ADA compliance opportunity for 
jq: parse error: Invalid numeric literal at line 1, column 3
jq: parse error: Invalid numeric literal at line 1, column 3
[Sun Jun 14 21:38:34 EDT 2026]  Outreach: [email-pending]  — ADA compliance opportunity for 
jq: parse error: Invalid numeric literal at line 2, column 0
jq: parse error: Invalid numeric literal at line 2, column 0
[Sun Jun 14 21:38:34 EDT 2026]  Outreach: [email-pending]  — ADA compliance opportunity for 
jq: parse error: Invalid numeric literal at line 2, column 0
jq: parse error: Invalid numeric literal at line 2, column 0
[Sun Jun 14 21:38:34 EDT 2026]  Outreach: [email-pending]  — ADA compliance opportunity for 
jq: parse error: Invalid numeric literal at line 2, column 0
jq: parse error: Invalid numeric literal at line 2, column 0
[Sun Jun 14 21:38:34 EDT 2026]  Outreach: [email-pending]  — ADA compliance opportunity for 
jq: parse error: Invalid numeric literal at line 2, column 0
jq: parse error: Invalid numeric literal at line 2, column 0
[Sun Jun 14 21:38:34 EDT 2026]  Outreach: [email-pending]  — ADA compliance opportunity for 
jq: parse error: Invalid numeric literal at line 2, column 0
jq: parse error: Invalid numeric literal at line 2, column 0
[Sun Jun 14 21:38:34 EDT 2026]  Outreach: [email-pending]  — ADA compliance opportunity for 
jq: parse error: Invalid numeric literal at line 2, column 0
jq: parse error: Invalid numeric literal at line 2, column 0
[Sun Jun 14 21:38:34 EDT 2026]  Outreach: [email-pending]  — ADA compliance opportunity for 
jq: parse error: Invalid numeric literal at line 2, column 0
jq: parse error: Invalid numeric literal at line 2, column 0
[Sun Jun 14 21:38:34 EDT 2026]  Outreach: [email-pending]  — ADA compliance opportunity for 
jq: parse error: Invalid numeric literal at line 2, column 0
jq: parse error: Invalid numeric literal at line 2, column 0
[Sun Jun 14 21:38:34 EDT 2026]  Outreach: [email-pending]  — ADA compliance opportunity for 
jq: parse error: Invalid numeric literal at line 1, column 4
jq: parse error: Invalid numeric literal at line 1, column 4
[Sun Jun 14 21:38:34 EDT 2026]  Outreach: [email-pending]  — ADA compliance opportunity for 
jq: parse error: Unfinished string at EOF at line 2, column 0
jq: parse error: Unfinished string at EOF at line 2, column 0
[Sun Jun 14 21:38:34 EDT 2026]  Outreach: [email-pending]  — ADA compliance opportunity for 
jq: parse error: Invalid numeric literal at line 1, column 3
jq: parse error: Invalid numeric literal at line 1, column 3
[Sun Jun 14 21:38:34 EDT 2026]  Outreach: [email-pending]  — ADA compliance opportunity for 
jq: parse error: Invalid numeric literal at line 2, column 0
jq: parse error: Invalid numeric literal at line 2, column 0
[Sun Jun 14 21:38:34 EDT 2026]  Outreach: [email-pending]  — ADA compliance opportunity for 
jq: parse error: Invalid numeric literal at line 2, column 0
jq: parse error: Invalid numeric literal at line 2, column 0
[Sun Jun 14 21:38:34 EDT 2026]  Outreach: [email-pending]  — ADA compliance opportunity for 
jq: parse error: Invalid numeric literal at line 2, column 0
jq: parse error: Invalid numeric literal at line 2, column 0
[Sun Jun 14 21:38:34 EDT 2026]  Outreach: [email-pending]  — ADA compliance opportunity for 
jq: parse error: Invalid numeric literal at line 2, column 0
jq: parse error: Invalid numeric literal at line 2, column 0
[Sun Jun 14 21:38:34 EDT 2026]  Outreach: [email-pending]  — ADA compliance opportunity for 
jq: parse error: Invalid numeric literal at line 2, column 0
jq: parse error: Invalid numeric literal at line 2, column 0
[Sun Jun 14 21:38:34 EDT 2026]  Outreach: [email-pending]  — ADA compliance opportunity for 
jq: parse error: Invalid numeric literal at line 2, column 0
jq: parse error: Invalid numeric literal at line 2, column 0
[Sun Jun 14 21:38:34 EDT 2026]  Outreach: [email-pending]  — ADA compliance opportunity for 
jq: parse error: Invalid numeric literal at line 2, column 0
jq: parse error: Invalid numeric literal at line 2, column 0
[Sun Jun 14 21:38:34 EDT 2026]  Outreach: [email-pending]  — ADA compliance opportunity for 
jq: parse error: Invalid numeric literal at line 2, column 0
jq: parse error: Invalid numeric literal at line 2, column 0
[Sun Jun 14 21:38:34 EDT 2026]  Outreach: [email-pending]  — ADA compliance opportunity for 
jq: parse error: Invalid numeric literal at line 2, column 0
jq: parse error: Invalid numeric literal at line 2, column 0
[Sun Jun 14 21:38:34 EDT 2026]  Outreach: [email-pending]  — ADA compliance opportunity for 
jq: parse error: Invalid numeric literal at line 2, column 0
jq: parse error: Invalid numeric literal at line 2, column 0
[Sun Jun 14 21:38:34 EDT 2026]  Outreach: [email-pending]  — ADA compliance opportunity for 
jq: parse error: Invalid numeric literal at line 1, column 7
jq: parse error: Invalid numeric literal at line 1, column 7
[Sun Jun 14 21:38:34 EDT 2026]  Outreach: [email-pending]  — ADA compliance opportunity for 
jq: parse error: Unfinished string at EOF at line 2, column 0
jq: parse error: Unfinished string at EOF at line 2, column 0
[Sun Jun 14 21:38:34 EDT 2026]  Outreach: [email-pending]  — ADA compliance opportunity for 
jq: parse error: Invalid numeric literal at line 1, column 3
jq: parse error: Invalid numeric literal at line 1, column 3
[Sun Jun 14 21:38:34 EDT 2026]  Outreach: [email-pending]  — ADA compliance opportunity for 
jq: parse error: Invalid numeric literal at line 2, column 0
jq: parse error: Invalid numeric literal at line 2, column 0
[Sun Jun 14 21:38:34 EDT 2026]  Outreach: [email-pending]  — ADA compliance opportunity for 
jq: parse error: Invalid numeric literal at line 2, column 0
jq: parse error: Invalid numeric literal at line 2, column 0
[Sun Jun 14 21:38:34 EDT 2026]  Outreach: [email-pending]  — ADA compliance opportunity for 
jq: parse error: Invalid numeric literal at line 2, column 0
jq: parse error: Invalid numeric literal at line 2, column 0
[Sun Jun 14 21:38:34 EDT 2026]  Outreach: [email-pending]  — ADA compliance opportunity for 
jq: parse error: Invalid numeric literal at line 2, column 0
jq: parse error: Invalid numeric literal at line 2, column 0
[Sun Jun 14 21:38:34 EDT 2026]  Outreach: [email-pending]  — ADA compliance opportunity for 
jq: parse error: Invalid numeric literal at line 2, column 0
jq: parse error: Invalid numeric literal at line 2, column 0
[Sun Jun 14 21:38:34 EDT 2026]  Outreach: [email-pending]  — ADA compliance opportunity for 
jq: parse error: Invalid numeric literal at line 2, column 0
jq: parse error: Invalid numeric literal at line 2, column 0
[Sun Jun 14 21:38:34 EDT 2026]  Outreach: [email-pending]  — ADA compliance opportunity for 
jq: parse error: Invalid numeric literal at line 2, column 0
jq: parse error: Invalid numeric literal at line 2, column 0
[Sun Jun 14 21:38:35 EDT 2026]  Outreach: [email-pending]  — ADA compliance opportunity for 
jq: parse error: Invalid numeric literal at line 2, column 0
jq: parse error: Invalid numeric literal at line 2, column 0
[Sun Jun 14 21:38:35 EDT 2026]  Outreach: [email-pending]  — ADA compliance opportunity for 
jq: parse error: Invalid numeric literal at line 2, column 0
jq: parse error: Invalid numeric literal at line 2, column 0
[Sun Jun 14 21:38:35 EDT 2026]  Outreach: [email-pending]  — ADA compliance opportunity for 
jq: parse error: Invalid numeric literal at line 2, column 0
jq: parse error: Invalid numeric literal at line 2, column 0
[Sun Jun 14 21:38:35 EDT 2026]  Outreach: [email-pending]  — ADA compliance opportunity for 
jq: parse error: Invalid numeric literal at line 1, column 7
jq: parse error: Invalid numeric literal at line 1, column 7
[Sun Jun 14 21:38:35 EDT 2026]  Outreach: [email-pending]  — ADA compliance opportunity for 
jq: parse error: Unfinished string at EOF at line 2, column 0
jq: parse error: Unfinished string at EOF at line 2, column 0
[Sun Jun 14 21:38:35 EDT 2026]  Outreach: [email-pending]  — ADA compliance opportunity for 
jq: parse error: Invalid numeric literal at line 1, column 3
jq: parse error: Invalid numeric literal at line 1, column 3
[Sun Jun 14 21:38:35 EDT 2026]  Outreach: [email-pending]  — ADA compliance opportunity for 
jq: parse error: Invalid numeric literal at line 2, column 0
jq: parse error: Invalid numeric literal at line 2, column 0
[Sun Jun 14 21:38:35 EDT 2026]  Outreach: [email-pending]  — ADA compliance opportunity for 
jq: parse error: Invalid numeric literal at line 2, column 0
jq: parse error: Invalid numeric literal at line 2, column 0
[Sun Jun 14 21:38:35 EDT 2026]  Outreach: [email-pending]  — ADA compliance opportunity for 
jq: error (at <stdin>:1): Cannot index number with string "title"
jq: error (at <stdin>:1): Cannot index number with string "url"
[Sun Jun 14 21:38:35 EDT 2026]  Outreach: [email-pending]  — ADA compliance opportunity for 
jq: parse error: Invalid numeric literal at line 2, column 0
jq: parse error: Invalid numeric literal at line 2, column 0
[Sun Jun 14 21:38:35 EDT 2026]  Outreach: [email-pending]  — ADA compliance opportunity for 
jq: parse error: Invalid numeric literal at line 2, column 0
jq: parse error: Invalid numeric literal at line 2, column 0
[Sun Jun 14 21:38:35 EDT 2026]  Outreach: [email-pending]  — ADA compliance opportunity for 
jq: parse error: Invalid numeric literal at line 2, column 0
jq: parse error: Invalid numeric literal at line 2, column 0
[Sun Jun 14 21:38:35 EDT 2026]  Outreach: [email-pending]  — ADA compliance opportunity for 
jq: parse error: Invalid numeric literal at line 1, column 5
jq: parse error: Invalid numeric literal at line 1, column 5
[Sun Jun 14 21:38:35 EDT 2026]  Outreach: [email-pending]  — ADA compliance opportunity for 
jq: parse error: Unfinished string at EOF at line 2, column 0
jq: parse error: Unfinished string at EOF at line 2, column 0
[Sun Jun 14 21:38:35 EDT 2026]  Outreach: [email-pending]  — ADA compliance opportunity for 
jq: parse error: Invalid numeric literal at line 1, column 3
jq: parse error: Invalid numeric literal at line 1, column 3
[Sun Jun 14 21:38:35 EDT 2026]  Outreach: [email-pending]  — ADA compliance opportunity for 
jq: parse error: Invalid numeric literal at line 2, column 0
jq: parse error: Invalid numeric literal at line 2, column 0
[Sun Jun 14 21:38:35 EDT 2026]  Outreach: [email-pending]  — ADA compliance opportunity for 
jq: parse error: Invalid literal at line 2, column 0
jq: parse error: Invalid literal at line 2, column 0
[Sun Jun 14 21:38:35 EDT 2026]  Outreach: [email-pending]  — ADA compliance opportunity for 
jq: parse error: Invalid numeric literal at line 1, column 5
jq: parse error: Invalid numeric literal at line 1, column 5
[Sun Jun 14 21:38:35 EDT 2026]  Outreach: [email-pending]  — ADA compliance opportunity for 
jq: parse error: Unfinished string at EOF at line 2, column 0
jq: parse error: Unfinished string at EOF at line 2, column 0
[Sun Jun 14 21:38:35 EDT 2026]  Outreach: [email-pending]  — ADA compliance opportunity for 
jq: parse error: Invalid numeric literal at line 1, column 3
jq: parse error: Invalid numeric literal at line 1, column 3
[Sun Jun 14 21:38:35 EDT 2026]  Outreach: [email-pending]  — ADA compliance opportunity for 
jq: parse error: Invalid numeric literal at line 2, column 0
jq: parse error: Invalid numeric literal at line 2, column 0
[Sun Jun 14 21:38:35 EDT 2026]  Outreach: [email-pending]  — ADA compliance opportunity for 
jq: parse error: Invalid literal at line 2, column 0
jq: parse error: Invalid literal at line 2, column 0
[Sun Jun 14 21:38:35 EDT 2026]  Outreach: [email-pending]  — ADA compliance opportunity for 
jq: parse error: Invalid numeric literal at line 2, column 0
jq: parse error: Invalid numeric literal at line 2, column 0
[Sun Jun 14 21:38:35 EDT 2026]  Outreach: [email-pending]  — ADA compliance opportunity for 
jq: parse error: Invalid numeric literal at line 2, column 0
jq: parse error: Invalid numeric literal at line 2, column 0
[Sun Jun 14 21:38:35 EDT 2026]  Outreach: [email-pending]  — ADA compliance opportunity for 
jq: parse error: Invalid numeric literal at line 1, column 10
jq: parse error: Invalid numeric literal at line 1, column 10
[Sun Jun 14 21:38:35 EDT 2026]  Outreach: [email-pending]  — ADA compliance opportunity for 
jq: parse error: Unfinished string at EOF at line 2, column 0
jq: parse error: Unfinished string at EOF at line 2, column 0
[Sun Jun 14 21:38:35 EDT 2026]  Outreach: [email-pending]  — ADA compliance opportunity for 
jq: parse error: Invalid numeric literal at line 1, column 3
jq: parse error: Invalid numeric literal at line 1, column 3
[Sun Jun 14 21:38:35 EDT 2026]  Outreach: [email-pending]  — ADA compliance opportunity for 
jq: parse error: Invalid numeric literal at line 2, column 0
jq: parse error: Invalid numeric literal at line 2, column 0
[Sun Jun 14 21:38:35 EDT 2026]  Outreach: [email-pending]  — ADA compliance opportunity for 
jq: parse error: Invalid numeric literal at line 2, column 0
jq: parse error: Invalid numeric literal at line 2, column 0
[Sun Jun 14 21:38:35 EDT 2026]  Outreach: [email-pending]  — ADA compliance opportunity for 
jq: parse error: Invalid numeric literal at line 2, column 0
jq: parse error: Invalid numeric literal at line 2, column 0
[Sun Jun 14 21:38:35 EDT 2026]  Outreach: [email-pending]  — ADA compliance opportunity for 
jq: parse error: Invalid numeric literal at line 2, column 0
jq: parse error: Invalid numeric literal at line 2, column 0
[Sun Jun 14 21:38:35 EDT 2026]  Outreach: [email-pending]  — ADA compliance opportunity for 
jq: parse error: Invalid numeric literal at line 2, column 0
jq: parse error: Invalid numeric literal at line 2, column 0
[Sun Jun 14 21:38:35 EDT 2026]  Outreach: [email-pending]  — ADA compliance opportunity for 
jq: parse error: Invalid numeric literal at line 2, column 0
jq: parse error: Invalid numeric literal at line 2, column 0
[Sun Jun 14 21:38:35 EDT 2026]  Outreach: [email-pending]  — ADA compliance opportunity for 
jq: parse error: Invalid numeric literal at line 2, column 0
jq: parse error: Invalid numeric literal at line 2, column 0
[Sun Jun 14 21:38:35 EDT 2026]  Outreach: [email-pending]  — ADA compliance opportunity for 
jq: error (at <stdin>:1): Cannot index number with string "title"
jq: error (at <stdin>:1): Cannot index number with string "url"
[Sun Jun 14 21:38:35 EDT 2026]  Outreach: [email-pending]  — ADA compliance opportunity for 
jq: parse error: Invalid numeric literal at line 2, column 0
jq: parse error: Invalid numeric literal at line 2, column 0
[Sun Jun 14 21:38:35 EDT 2026]  Outreach: [email-pending]  — ADA compliance opportunity for 
jq: parse error: Invalid numeric literal at line 2, column 0
jq: parse error: Invalid numeric literal at line 2, column 0
[Sun Jun 14 21:38:35 EDT 2026]  Outreach: [email-pending]  — ADA compliance opportunity for 
jq: parse error: Invalid numeric literal at line 1, column 4
jq: parse error: Invalid numeric literal at line 1, column 4
[Sun Jun 14 21:38:35 EDT 2026]  Outreach: [email-pending]  — ADA compliance opportunity for 
jq: parse error: Unfinished string at EOF at line 2, column 0
jq: parse error: Unfinished string at EOF at line 2, column 0
[Sun Jun 14 21:38:35 EDT 2026]  Outreach: [email-pending]  — ADA compliance opportunity for 
jq: parse error: Invalid numeric literal at line 1, column 3
jq: parse error: Invalid numeric literal at line 1, column 3
[Sun Jun 14 21:38:35 EDT 2026]  Outreach: [email-pending]  — ADA compliance opportunity for 
jq: parse error: Invalid numeric literal at line 2, column 0
jq: parse error: Invalid numeric literal at line 2, column 0
[Sun Jun 14 21:38:35 EDT 2026]  Outreach: [email-pending]  — ADA compliance opportunity for 
jq: parse error: Invalid numeric literal at line 2, column 0
jq: parse error: Invalid numeric literal at line 2, column 0
[Sun Jun 14 21:38:35 EDT 2026]  Outreach: [email-pending]  — ADA compliance opportunity for 
jq: parse error: Invalid numeric literal at line 2, column 0
jq: parse error: Invalid numeric literal at line 2, column 0
[Sun Jun 14 21:38:35 EDT 2026]  Outreach: [email-pending]  — ADA compliance opportunity for 
jq: parse error: Invalid numeric literal at line 2, column 0
jq: parse error: Invalid numeric literal at line 2, column 0
[Sun Jun 14 21:38:35 EDT 2026]  Outreach: [email-pending]  — ADA compliance opportunity for 
jq: parse error: Invalid numeric literal at line 2, column 0
jq: parse error: Invalid numeric literal at line 2, column 0
[Sun Jun 14 21:38:35 EDT 2026]  Outreach: [email-pending]  — ADA compliance opportunity for 
jq: parse error: Invalid numeric literal at line 2, column 0
jq: parse error: Invalid numeric literal at line 2, column 0
[Sun Jun 14 21:38:35 EDT 2026]  Outreach: [email-pending]  — ADA compliance opportunity for 
jq: parse error: Invalid numeric literal at line 2, column 0
jq: parse error: Invalid numeric literal at line 2, column 0
[Sun Jun 14 21:38:35 EDT 2026]  Outreach: [email-pending]  — ADA compliance opportunity for 
jq: parse error: Invalid numeric literal at line 2, column 0
jq: parse error: Invalid numeric literal at line 2, column 0
[Sun Jun 14 21:38:35 EDT 2026]  Outreach: [email-pending]  — ADA compliance opportunity for 
jq: parse error: Invalid numeric literal at line 2, column 0
jq: parse error: Invalid numeric literal at line 2, column 0
[Sun Jun 14 21:38:35 EDT 2026]  Outreach: [email-pending]  — ADA compliance opportunity for 
jq: parse error: Invalid numeric literal at line 2, column 0
jq: parse error: Invalid numeric literal at line 2, column 0
[Sun Jun 14 21:38:35 EDT 2026]  Outreach: [email-pending]  — ADA compliance opportunity for 
jq: parse error: Invalid literal at line 2, column 0
jq: parse error: Invalid literal at line 2, column 0
[Sun Jun 14 21:38:35 EDT 2026]  Outreach: [email-pending]  — ADA compliance opportunity for 
jq: parse error: Invalid numeric literal at line 2, column 0
jq: parse error: Invalid numeric literal at line 2, column 0
[Sun Jun 14 21:38:35 EDT 2026]  Outreach: [email-pending]  — ADA compliance opportunity for 
jq: parse error: Invalid numeric literal at line 1, column 7
jq: parse error: Invalid numeric literal at line 1, column 7
[Sun Jun 14 21:38:35 EDT 2026]  Outreach: [email-pending]  — ADA compliance opportunity for 
jq: parse error: Unfinished string at EOF at line 2, column 0
jq: parse error: Unfinished string at EOF at line 2, column 0
[Sun Jun 14 21:38:35 EDT 2026]  Outreach: [email-pending]  — ADA compliance opportunity for 
jq: parse error: Invalid numeric literal at line 1, column 3
jq: parse error: Invalid numeric literal at line 1, column 3
[Sun Jun 14 21:38:35 EDT 2026]  Outreach: [email-pending]  — ADA compliance opportunity for 
jq: parse error: Invalid numeric literal at line 2, column 0
jq: parse error: Invalid numeric literal at line 2, column 0
[Sun Jun 14 21:38:35 EDT 2026]  Outreach: [email-pending]  — ADA compliance opportunity for 
jq: parse error: Invalid numeric literal at line 2, column 0
jq: parse error: Invalid numeric literal at line 2, column 0
[Sun Jun 14 21:38:35 EDT 2026]  Outreach: [email-pending]  — ADA compliance opportunity for 
jq: parse error: Invalid numeric literal at line 2, column 0
jq: parse error: Invalid numeric literal at line 2, column 0
[Sun Jun 14 21:38:35 EDT 2026]  Outreach: [email-pending]  — ADA compliance opportunity for 
jq: parse error: Invalid numeric literal at line 2, column 0
jq: parse error: Invalid numeric literal at line 2, column 0
[Sun Jun 14 21:38:35 EDT 2026]  Outreach: [email-pending]  — ADA compliance opportunity for 
jq: parse error: Invalid numeric literal at line 2, column 0
jq: parse error: Invalid numeric literal at line 2, column 0
[Sun Jun 14 21:38:35 EDT 2026]  Outreach: [email-pending]  — ADA compliance opportunity for 
jq: parse error: Invalid literal at line 2, column 0
jq: parse error: Invalid literal at line 2, column 0
[Sun Jun 14 21:38:35 EDT 2026]  Outreach: [email-pending]  — ADA compliance opportunity for 
jq: parse error: Invalid numeric literal at line 2, column 0
jq: parse error: Invalid numeric literal at line 2, column 0
[Sun Jun 14 21:38:35 EDT 2026]  Outreach: [email-pending]  — ADA compliance opportunity for 
jq: parse error: Invalid numeric literal at line 1, column 14
jq: parse error: Invalid numeric literal at line 1, column 14
[Sun Jun 14 21:38:35 EDT 2026]  Outreach: [email-pending]  — ADA compliance opportunity for 
jq: parse error: Unfinished string at EOF at line 2, column 0
jq: parse error: Unfinished string at EOF at line 2, column 0
[Sun Jun 14 21:38:35 EDT 2026]  Outreach: [email-pending]  — ADA compliance opportunity for 
jq: parse error: Invalid numeric literal at line 1, column 3
jq: parse error: Invalid numeric literal at line 1, column 3
[Sun Jun 14 21:38:35 EDT 2026]  Outreach: [email-pending]  — ADA compliance opportunity for 
jq: parse error: Invalid numeric literal at line 2, column 0
jq: parse error: Invalid numeric literal at line 2, column 0
[Sun Jun 14 21:38:35 EDT 2026]  Outreach: [email-pending]  — ADA compliance opportunity for 
jq: parse error: Invalid numeric literal at line 2, column 0
jq: parse error: Invalid numeric literal at line 2, column 0
[Sun Jun 14 21:38:35 EDT 2026]  Outreach: [email-pending]  — ADA compliance opportunity for 
jq: parse error: Invalid numeric literal at line 2, column 0
jq: parse error: Invalid numeric literal at line 2, column 0
[Sun Jun 14 21:38:35 EDT 2026]  Outreach: [email-pending]  — ADA compliance opportunity for 
jq: parse error: Invalid numeric literal at line 2, column 0
jq: parse error: Invalid numeric literal at line 2, column 0
[Sun Jun 14 21:38:35 EDT 2026]  Outreach: [email-pending]  — ADA compliance opportunity for 
jq: parse error: Invalid numeric literal at line 2, column 0
jq: parse error: Invalid numeric literal at line 2, column 0
[Sun Jun 14 21:38:36 EDT 2026]  Outreach: [email-pending]  — ADA compliance opportunity for 
jq: parse error: Invalid numeric literal at line 2, column 0
jq: parse error: Invalid numeric literal at line 2, column 0
[Sun Jun 14 21:38:36 EDT 2026]  Outreach: [email-pending]  — ADA compliance opportunity for 
jq: parse error: Invalid numeric literal at line 2, column 0
jq: parse error: Invalid numeric literal at line 2, column 0
[Sun Jun 14 21:38:36 EDT 2026]  Outreach: [email-pending]  — ADA compliance opportunity for 
jq: parse error: Invalid numeric literal at line 2, column 0
jq: parse error: Invalid numeric literal at line 2, column 0
[Sun Jun 14 21:38:36 EDT 2026]  Outreach: [email-pending]  — ADA compliance opportunity for 
jq: parse error: Invalid literal at line 2, column 0
jq: parse error: Invalid literal at line 2, column 0
[Sun Jun 14 21:38:36 EDT 2026]  Outreach: [email-pending]  — ADA compliance opportunity for 
jq: parse error: Invalid numeric literal at line 1, column 8
jq: parse error: Invalid numeric literal at line 1, column 8
[Sun Jun 14 21:38:36 EDT 2026]  Outreach: [email-pending]  — ADA compliance opportunity for 
jq: parse error: Unfinished string at EOF at line 2, column 0
jq: parse error: Unfinished string at EOF at line 2, column 0
[Sun Jun 14 21:38:36 EDT 2026]  Outreach: [email-pending]  — ADA compliance opportunity for 
jq: parse error: Invalid numeric literal at line 1, column 3
jq: parse error: Invalid numeric literal at line 1, column 3
[Sun Jun 14 21:38:36 EDT 2026]  Outreach: [email-pending]  — ADA compliance opportunity for 
jq: parse error: Invalid numeric literal at line 2, column 0
jq: parse error: Invalid numeric literal at line 2, column 0
[Sun Jun 14 21:38:36 EDT 2026]  Outreach: [email-pending]  — ADA compliance opportunity for 
jq: parse error: Invalid numeric literal at line 2, column 0
jq: parse error: Invalid numeric literal at line 2, column 0
[Sun Jun 14 21:38:36 EDT 2026]  Outreach: [email-pending]  — ADA compliance opportunity for 
jq: parse error: Invalid literal at line 2, column 0
jq: parse error: Invalid literal at line 2, column 0
[Sun Jun 14 21:38:36 EDT 2026]  Outreach: [email-pending]  — ADA compliance opportunity for 
jq: parse error: Invalid numeric literal at line 2, column 0
jq: parse error: Invalid numeric literal at line 2, column 0
[Sun Jun 14 21:38:36 EDT 2026]  Outreach: [email-pending]  — ADA compliance opportunity for 
jq: parse error: Invalid numeric literal at line 2, column 0
jq: parse error: Invalid numeric literal at line 2, column 0
[Sun Jun 14 21:38:36 EDT 2026]  Outreach: [email-pending]  — ADA compliance opportunity for 
jq: parse error: Invalid numeric literal at line 2, column 0
jq: parse error: Invalid numeric literal at line 2, column 0
[Sun Jun 14 21:38:36 EDT 2026]  Outreach: [email-pending]  — ADA compliance opportunity for 
jq: parse error: Invalid numeric literal at line 2, column 0
jq: parse error: Invalid numeric literal at line 2, column 0
[Sun Jun 14 21:38:36 EDT 2026]  Outreach: [email-pending]  — ADA compliance opportunity for 
jq: parse error: Invalid numeric literal at line 2, column 0
jq: parse error: Invalid numeric literal at line 2, column 0
[Sun Jun 14 21:38:36 EDT 2026]  Outreach: [email-pending]  — ADA compliance opportunity for 
jq: parse error: Invalid numeric literal at line 1, column 7
jq: parse error: Invalid numeric literal at line 1, column 7
[Sun Jun 14 21:38:36 EDT 2026]  Outreach: [email-pending]  — ADA compliance opportunity for 
jq: parse error: Unfinished string at EOF at line 2, column 0
jq: parse error: Unfinished string at EOF at line 2, column 0
[Sun Jun 14 21:38:36 EDT 2026]  Outreach: [email-pending]  — ADA compliance opportunity for 
jq: parse error: Invalid numeric literal at line 1, column 3
jq: parse error: Invalid numeric literal at line 1, column 3
[Sun Jun 14 21:38:36 EDT 2026]  Outreach: [email-pending]  — ADA compliance opportunity for 
jq: parse error: Invalid numeric literal at line 2, column 0
jq: parse error: Invalid numeric literal at line 2, column 0
[Sun Jun 14 21:38:36 EDT 2026]  Outreach: [email-pending]  — ADA compliance opportunity for 
jq: parse error: Invalid numeric literal at line 1, column 6
jq: parse error: Invalid numeric literal at line 1, column 6
[Sun Jun 14 21:38:36 EDT 2026]  Outreach: [email-pending]  — ADA compliance opportunity for 
jq: parse error: Unfinished string at EOF at line 2, column 0
jq: parse error: Unfinished string at EOF at line 2, column 0
[Sun Jun 14 21:38:36 EDT 2026]  Outreach: [email-pending]  — ADA compliance opportunity for 
jq: parse error: Invalid numeric literal at line 1, column 3
jq: parse error: Invalid numeric literal at line 1, column 3
[Sun Jun 14 21:38:36 EDT 2026]  Outreach: [email-pending]  — ADA compliance opportunity for 
jq: parse error: Invalid numeric literal at line 2, column 0
jq: parse error: Invalid numeric literal at line 2, column 0
[Sun Jun 14 21:38:36 EDT 2026]  Outreach: [email-pending]  — ADA compliance opportunity for 
jq: parse error: Invalid numeric literal at line 2, column 0
jq: parse error: Invalid numeric literal at line 2, column 0
[Sun Jun 14 21:38:36 EDT 2026]  Outreach: [email-pending]  — ADA compliance opportunity for 
jq: parse error: Invalid numeric literal at line 2, column 0
jq: parse error: Invalid numeric literal at line 2, column 0
[Sun Jun 14 21:38:36 EDT 2026]  Outreach: [email-pending]  — ADA compliance opportunity for 
jq: parse error: Invalid numeric literal at line 2, column 0
jq: parse error: Invalid numeric literal at line 2, column 0
[Sun Jun 14 21:38:36 EDT 2026]  Outreach: [email-pending]  — ADA compliance opportunity for 
jq: parse error: Invalid numeric literal at line 2, column 0
jq: parse error: Invalid numeric literal at line 2, column 0
[Sun Jun 14 21:38:36 EDT 2026]  Outreach: [email-pending]  — ADA compliance opportunity for 
jq: parse error: Invalid literal at line 2, column 0
jq: parse error: Invalid literal at line 2, column 0
[Sun Jun 14 21:38:36 EDT 2026]  Outreach: [email-pending]  — ADA compliance opportunity for 
jq: parse error: Invalid numeric literal at line 2, column 0
jq: parse error: Invalid numeric literal at line 2, column 0
[Sun Jun 14 21:38:36 EDT 2026]  Outreach: [email-pending]  — ADA compliance opportunity for 
jq: parse error: Invalid numeric literal at line 2, column 0
jq: parse error: Invalid numeric literal at line 2, column 0
[Sun Jun 14 21:38:36 EDT 2026]  Outreach: [email-pending]  — ADA compliance opportunity for 
jq: parse error: Invalid numeric literal at line 1, column 7
jq: parse error: Invalid numeric literal at line 1, column 7
[Sun Jun 14 21:38:36 EDT 2026]  Outreach: [email-pending]  — ADA compliance opportunity for 
jq: parse error: Unfinished string at EOF at line 2, column 0
jq: parse error: Unfinished string at EOF at line 2, column 0
[Sun Jun 14 21:38:36 EDT 2026]  Outreach: [email-pending]  — ADA compliance opportunity for 
jq: parse error: Invalid numeric literal at line 1, column 3
jq: parse error: Invalid numeric literal at line 1, column 3
[Sun Jun 14 21:38:36 EDT 2026]  Outreach: [email-pending]  — ADA compliance opportunity for 
jq: parse error: Invalid numeric literal at line 2, column 0
jq: parse error: Invalid numeric literal at line 2, column 0
[Sun Jun 14 21:38:36 EDT 2026]  Outreach: [email-pending]  — ADA compliance opportunity for 
jq: parse error: Invalid numeric literal at line 2, column 0
jq: parse error: Invalid numeric literal at line 2, column 0
[Sun Jun 14 21:38:36 EDT 2026]  Outreach: [email-pending]  — ADA compliance opportunity for 
jq: parse error: Invalid numeric literal at line 2, column 0
jq: parse error: Invalid numeric literal at line 2, column 0
[Sun Jun 14 21:38:36 EDT 2026]  Outreach: [email-pending]  — ADA compliance opportunity for 
jq: parse error: Invalid numeric literal at line 2, column 0
jq: parse error: Invalid numeric literal at line 2, column 0
[Sun Jun 14 21:38:36 EDT 2026]  Outreach: [email-pending]  — ADA compliance opportunity for 
jq: parse error: Invalid numeric literal at line 2, column 0
jq: parse error: Invalid numeric literal at line 2, column 0
[Sun Jun 14 21:38:36 EDT 2026]  Outreach: [email-pending]  — ADA compliance opportunity for 
jq: parse error: Invalid numeric literal at line 1, column 5
jq: parse error: Invalid numeric literal at line 1, column 5
[Sun Jun 14 21:38:36 EDT 2026]  Outreach: [email-pending]  — ADA compliance opportunity for 
jq: parse error: Unfinished string at EOF at line 2, column 0
jq: parse error: Unfinished string at EOF at line 2, column 0
[Sun Jun 14 21:38:36 EDT 2026]  Outreach: [email-pending]  — ADA compliance opportunity for 
jq: parse error: Invalid numeric literal at line 1, column 3
jq: parse error: Invalid numeric literal at line 1, column 3
[Sun Jun 14 21:38:36 EDT 2026]  Outreach: [email-pending]  — ADA compliance opportunity for 
jq: parse error: Invalid numeric literal at line 2, column 0
jq: parse error: Invalid numeric literal at line 2, column 0
[Sun Jun 14 21:38:36 EDT 2026]  Outreach: [email-pending]  — ADA compliance opportunity for 
jq: parse error: Invalid numeric literal at line 2, column 0
jq: parse error: Invalid numeric literal at line 2, column 0
[Sun Jun 14 21:38:36 EDT 2026]  Outreach: [email-pending]  — ADA compliance opportunity for 
jq: parse error: Invalid numeric literal at line 2, column 0
jq: parse error: Invalid numeric literal at line 2, column 0
[Sun Jun 14 21:38:36 EDT 2026]  Outreach: [email-pending]  — ADA compliance opportunity for 
jq: parse error: Invalid numeric literal at line 2, column 0
jq: parse error: Invalid numeric literal at line 2, column 0
[Sun Jun 14 21:38:36 EDT 2026]  Outreach: [email-pending]  — ADA compliance opportunity for 
jq: parse error: Invalid numeric literal at line 1, column 11
jq: parse error: Invalid numeric literal at line 1, column 11
[Sun Jun 14 21:38:36 EDT 2026]  Outreach: [email-pending]  — ADA compliance opportunity for 
jq: parse error: Invalid numeric literal at line 1, column 14
jq: parse error: Invalid numeric literal at line 1, column 14
[Sun Jun 14 21:38:36 EDT 2026]  Outreach: [email-pending]  — ADA compliance opportunity for 
jq: parse error: Invalid numeric literal at line 2, column 0
jq: parse error: Invalid numeric literal at line 2, column 0
[Sun Jun 14 21:38:36 EDT 2026]  Outreach: [email-pending]  — ADA compliance opportunity for 
jq: parse error: Invalid numeric literal at line 1, column 16
jq: parse error: Invalid numeric literal at line 1, column 16
[Sun Jun 14 21:38:36 EDT 2026]  Outreach: [email-pending]  — ADA compliance opportunity for 
jq: parse error: Unfinished string at EOF at line 2, column 0
jq: parse error: Unfinished string at EOF at line 2, column 0
[Sun Jun 14 21:38:36 EDT 2026]  Outreach: [email-pending]  — ADA compliance opportunity for 
jq: parse error: Invalid numeric literal at line 1, column 3
jq: parse error: Invalid numeric literal at line 1, column 3
[Sun Jun 14 21:38:36 EDT 2026]  Outreach: [email-pending]  — ADA compliance opportunity for 
jq: parse error: Invalid numeric literal at line 2, column 0
jq: parse error: Invalid numeric literal at line 2, column 0
[Sun Jun 14 21:38:36 EDT 2026]  Outreach: [email-pending]  — ADA compliance opportunity for 
jq: parse error: Invalid numeric literal at line 2, column 0
jq: parse error: Invalid numeric literal at line 2, column 0
[Sun Jun 14 21:38:36 EDT 2026]  Outreach: [email-pending]  — ADA compliance opportunity for 
jq: parse error: Invalid numeric literal at line 2, column 0
jq: parse error: Invalid numeric literal at line 2, column 0
[Sun Jun 14 21:38:36 EDT 2026]  Outreach: [email-pending]  — ADA compliance opportunity for 
jq: parse error: Invalid numeric literal at line 2, column 0
jq: parse error: Invalid numeric literal at line 2, column 0
[Sun Jun 14 21:38:36 EDT 2026]  Outreach: [email-pending]  — ADA compliance opportunity for 
jq: parse error: Invalid numeric literal at line 2, column 0
jq: parse error: Invalid numeric literal at line 2, column 0
[Sun Jun 14 21:38:36 EDT 2026]  Outreach: [email-pending]  — ADA compliance opportunity for 
jq: parse error: Invalid numeric literal at line 2, column 0
jq: parse error: Invalid numeric literal at line 2, column 0
[Sun Jun 14 21:38:36 EDT 2026]  Outreach: [email-pending]  — ADA compliance opportunity for 
jq: parse error: Invalid numeric literal at line 2, column 0
jq: parse error: Invalid numeric literal at line 2, column 0
[Sun Jun 14 21:38:36 EDT 2026]  Outreach: [email-pending]  — ADA compliance opportunity for 
jq: parse error: Invalid numeric literal at line 1, column 11
jq: parse error: Invalid numeric literal at line 1, column 11
[Sun Jun 14 21:38:36 EDT 2026]  Outreach: [email-pending]  — ADA compliance opportunity for 
jq: parse error: Invalid numeric literal at line 1, column 8
jq: parse error: Invalid numeric literal at line 1, column 8
[Sun Jun 14 21:38:36 EDT 2026]  Outreach: [email-pending]  — ADA compliance opportunity for 
jq: parse error: Invalid numeric literal at line 2, column 0
jq: parse error: Invalid numeric literal at line 2, column 0
[Sun Jun 14 21:38:36 EDT 2026]  Outreach: [email-pending]  — ADA compliance opportunity for 
jq: parse error: Invalid numeric literal at line 2, column 0
jq: parse error: Invalid numeric literal at line 2, column 0
[Sun Jun 14 21:38:36 EDT 2026]  Outreach: [email-pending]  — ADA compliance opportunity for 
jq: parse error: Invalid numeric literal at line 2, column 0
jq: parse error: Invalid numeric literal at line 2, column 0
[Sun Jun 14 21:38:36 EDT 2026]  Outreach: [email-pending]  — ADA compliance opportunity for 
jq: parse error: Invalid numeric literal at line 1, column 4
jq: parse error: Invalid numeric literal at line 1, column 4
[Sun Jun 14 21:38:36 EDT 2026]  Outreach: [email-pending]  — ADA compliance opportunity for 
jq: parse error: Unfinished string at EOF at line 2, column 0
jq: parse error: Unfinished string at EOF at line 2, column 0
[Sun Jun 14 21:38:36 EDT 2026]  Outreach: [email-pending]  — ADA compliance opportunity for 
jq: parse error: Invalid numeric literal at line 1, column 3
jq: parse error: Invalid numeric literal at line 1, column 3
[Sun Jun 14 21:38:36 EDT 2026]  Outreach: [email-pending]  — ADA compliance opportunity for 
jq: error (at <stdin>:1): Cannot index number with string "title"
jq: error (at <stdin>:1): Cannot index number with string "url"
[Sun Jun 14 21:38:36 EDT 2026]  Outreach: [email-pending]  — ADA compliance opportunity for 
jq: parse error: Invalid numeric literal at line 2, column 0
jq: parse error: Invalid numeric literal at line 2, column 0
[Sun Jun 14 21:38:36 EDT 2026]  Outreach: [email-pending]  — ADA compliance opportunity for 
jq: parse error: Invalid numeric literal at line 2, column 0
jq: parse error: Invalid numeric literal at line 2, column 0
[Sun Jun 14 21:38:36 EDT 2026]  Outreach: [email-pending]  — ADA compliance opportunity for 
jq: parse error: Invalid numeric literal at line 2, column 0
jq: parse error: Invalid numeric literal at line 2, column 0
[Sun Jun 14 21:38:37 EDT 2026]  Outreach: [email-pending]  — ADA compliance opportunity for 
jq: parse error: Invalid numeric literal at line 2, column 0
jq: parse error: Invalid numeric literal at line 2, column 0
[Sun Jun 14 21:38:37 EDT 2026]  Outreach: [email-pending]  — ADA compliance opportunity for 
jq: parse error: Invalid numeric literal at line 2, column 0
jq: parse error: Invalid numeric literal at line 2, column 0
[Sun Jun 14 21:38:37 EDT 2026]  Outreach: [email-pending]  — ADA compliance opportunity for 
jq: parse error: Invalid numeric literal at line 2, column 0
jq: parse error: Invalid numeric literal at line 2, column 0
[Sun Jun 14 21:38:37 EDT 2026]  Outreach: [email-pending]  — ADA compliance opportunity for 
jq: parse error: Invalid numeric literal at line 1, column 8
jq: parse error: Invalid numeric literal at line 1, column 8
[Sun Jun 14 21:38:37 EDT 2026]  Outreach: [email-pending]  — ADA compliance opportunity for 
jq: parse error: Unfinished string at EOF at line 2, column 0
jq: parse error: Unfinished string at EOF at line 2, column 0
[Sun Jun 14 21:38:37 EDT 2026]  Outreach: [email-pending]  — ADA compliance opportunity for 
jq: parse error: Invalid numeric literal at line 1, column 3
jq: parse error: Invalid numeric literal at line 1, column 3
[Sun Jun 14 21:38:37 EDT 2026]  Outreach: [email-pending]  — ADA compliance opportunity for 
jq: parse error: Invalid numeric literal at line 2, column 0
jq: parse error: Invalid numeric literal at line 2, column 0
[Sun Jun 14 21:38:37 EDT 2026]  Outreach: [email-pending]  — ADA compliance opportunity for 
jq: parse error: Invalid numeric literal at line 2, column 0
jq: parse error: Invalid numeric literal at line 2, column 0
[Sun Jun 14 21:38:37 EDT 2026]  Outreach: [email-pending]  — ADA compliance opportunity for 
jq: parse error: Invalid numeric literal at line 2, column 0
jq: parse error: Invalid numeric literal at line 2, column 0
[Sun Jun 14 21:38:37 EDT 2026]  Outreach: [email-pending]  — ADA compliance opportunity for 
jq: parse error: Invalid numeric literal at line 2, column 0
jq: parse error: Invalid numeric literal at line 2, column 0
[Sun Jun 14 21:38:37 EDT 2026]  Outreach: [email-pending]  — ADA compliance opportunity for 
jq: parse error: Invalid numeric literal at line 2, column 0
jq: parse error: Invalid numeric literal at line 2, column 0
[Sun Jun 14 21:38:37 EDT 2026]  Outreach: [email-pending]  — ADA compliance opportunity for 
jq: parse error: Invalid numeric literal at line 2, column 0
jq: parse error: Invalid numeric literal at line 2, column 0
[Sun Jun 14 21:38:37 EDT 2026]  Outreach: [email-pending]  — ADA compliance opportunity for 
jq: parse error: Invalid numeric literal at line 1, column 7
jq: parse error: Invalid numeric literal at line 1, column 7
[Sun Jun 14 21:38:37 EDT 2026]  Outreach: [email-pending]  — ADA compliance opportunity for 
jq: parse error: Invalid numeric literal at line 2, column 0
jq: parse error: Invalid numeric literal at line 2, column 0
[Sun Jun 14 21:38:37 EDT 2026]  Outreach: [email-pending]  — ADA compliance opportunity for 
jq: parse error: Invalid numeric literal at line 2, column 0
jq: parse error: Invalid numeric literal at line 2, column 0
[Sun Jun 14 21:38:37 EDT 2026]  Outreach: [email-pending]  — ADA compliance opportunity for 
jq: parse error: Invalid numeric literal at line 2, column 0
jq: parse error: Invalid numeric literal at line 2, column 0
[Sun Jun 14 21:38:37 EDT 2026]  Outreach: [email-pending]  — ADA compliance opportunity for 
jq: parse error: Invalid numeric literal at line 2, column 0
jq: parse error: Invalid numeric literal at line 2, column 0
[Sun Jun 14 21:38:37 EDT 2026]  Outreach: [email-pending]  — ADA compliance opportunity for 
jq: parse error: Invalid numeric literal at line 2, column 0
jq: parse error: Invalid numeric literal at line 2, column 0
[Sun Jun 14 21:38:37 EDT 2026]  Outreach: [email-pending]  — ADA compliance opportunity for 
jq: parse error: Invalid numeric literal at line 1, column 7
jq: parse error: Invalid numeric literal at line 1, column 7
[Sun Jun 14 21:38:37 EDT 2026]  Outreach: [email-pending]  — ADA compliance opportunity for 
jq: parse error: Unfinished string at EOF at line 2, column 0
jq: parse error: Unfinished string at EOF at line 2, column 0
[Sun Jun 14 21:38:37 EDT 2026]  Outreach: [email-pending]  — ADA compliance opportunity for 
jq: parse error: Invalid numeric literal at line 1, column 3
jq: parse error: Invalid numeric literal at line 1, column 3
[Sun Jun 14 21:38:37 EDT 2026]  Outreach: [email-pending]  — ADA compliance opportunity for 
jq: parse error: Invalid numeric literal at line 2, column 0
jq: parse error: Invalid numeric literal at line 2, column 0
[Sun Jun 14 21:38:37 EDT 2026]  Outreach: [email-pending]  — ADA compliance opportunity for 
jq: parse error: Invalid numeric literal at line 2, column 0
jq: parse error: Invalid numeric literal at line 2, column 0
[Sun Jun 14 21:38:37 EDT 2026]  Outreach: [email-pending]  — ADA compliance opportunity for 
jq: parse error: Invalid numeric literal at line 2, column 0
jq: parse error: Invalid numeric literal at line 2, column 0
[Sun Jun 14 21:38:37 EDT 2026]  Outreach: [email-pending]  — ADA compliance opportunity for 
jq: parse error: Invalid numeric literal at line 2, column 0
jq: parse error: Invalid numeric literal at line 2, column 0
[Sun Jun 14 21:38:37 EDT 2026]  Outreach: [email-pending]  — ADA compliance opportunity for 
jq: parse error: Invalid numeric literal at line 2, column 0
jq: parse error: Invalid numeric literal at line 2, column 0
[Sun Jun 14 21:38:37 EDT 2026]  Outreach: [email-pending]  — ADA compliance opportunity for 
jq: parse error: Invalid numeric literal at line 2, column 0
jq: parse error: Invalid numeric literal at line 2, column 0
[Sun Jun 14 21:38:37 EDT 2026]  Outreach: [email-pending]  — ADA compliance opportunity for 
jq: parse error: Invalid numeric literal at line 1, column 5
jq: parse error: Invalid numeric literal at line 1, column 5
[Sun Jun 14 21:38:37 EDT 2026]  Outreach: [email-pending]  — ADA compliance opportunity for 
jq: parse error: Unfinished string at EOF at line 2, column 0
jq: parse error: Unfinished string at EOF at line 2, column 0
[Sun Jun 14 21:38:37 EDT 2026]  Outreach: [email-pending]  — ADA compliance opportunity for 
jq: parse error: Invalid numeric literal at line 1, column 3
jq: parse error: Invalid numeric literal at line 1, column 3
[Sun Jun 14 21:38:37 EDT 2026]  Outreach: [email-pending]  — ADA compliance opportunity for 
jq: parse error: Invalid numeric literal at line 2, column 0
jq: parse error: Invalid numeric literal at line 2, column 0
[Sun Jun 14 21:38:37 EDT 2026]  Outreach: [email-pending]  — ADA compliance opportunity for 
jq: parse error: Invalid numeric literal at line 2, column 0
jq: parse error: Invalid numeric literal at line 2, column 0
[Sun Jun 14 21:38:37 EDT 2026]  Outreach: [email-pending]  — ADA compliance opportunity for 
jq: parse error: Invalid numeric literal at line 2, column 0
jq: parse error: Invalid numeric literal at line 2, column 0
[Sun Jun 14 21:38:37 EDT 2026]  Outreach: [email-pending]  — ADA compliance opportunity for 
jq: parse error: Invalid numeric literal at line 2, column 0
jq: parse error: Invalid numeric literal at line 2, column 0
[Sun Jun 14 21:38:37 EDT 2026]  Outreach: [email-pending]  — ADA compliance opportunity for 
jq: parse error: Invalid numeric literal at line 2, column 0
jq: parse error: Invalid numeric literal at line 2, column 0
[Sun Jun 14 21:38:37 EDT 2026]  Outreach: [email-pending]  — ADA compliance opportunity for 
jq: parse error: Invalid literal at line 2, column 0
jq: parse error: Invalid literal at line 2, column 0
[Sun Jun 14 21:38:37 EDT 2026]  Outreach: [email-pending]  — ADA compliance opportunity for 
jq: parse error: Invalid literal at line 2, column 0
jq: parse error: Invalid literal at line 2, column 0
[Sun Jun 14 21:38:37 EDT 2026]  Outreach: [email-pending]  — ADA compliance opportunity for 
jq: parse error: Invalid numeric literal at line 2, column 0
jq: parse error: Invalid numeric literal at line 2, column 0
[Sun Jun 14 21:38:37 EDT 2026]  Outreach: [email-pending]  — ADA compliance opportunity for 
jq: parse error: Invalid numeric literal at line 2, column 0
jq: parse error: Invalid numeric literal at line 2, column 0
[Sun Jun 14 21:38:37 EDT 2026]  Outreach: [email-pending]  — ADA compliance opportunity for 
jq: parse error: Invalid numeric literal at line 2, column 0
jq: parse error: Invalid numeric literal at line 2, column 0
[Sun Jun 14 21:38:37 EDT 2026]  Outreach: [email-pending]  — ADA compliance opportunity for 
jq: parse error: Invalid numeric literal at line 1, column 8
jq: parse error: Invalid numeric literal at line 1, column 8
[Sun Jun 14 21:38:37 EDT 2026]  Outreach: [email-pending]  — ADA compliance opportunity for 
jq: parse error: Unfinished string at EOF at line 2, column 0
jq: parse error: Unfinished string at EOF at line 2, column 0
[Sun Jun 14 21:38:37 EDT 2026]  Outreach: [email-pending]  — ADA compliance opportunity for 
jq: parse error: Invalid numeric literal at line 1, column 3
jq: parse error: Invalid numeric literal at line 1, column 3
[Sun Jun 14 21:38:37 EDT 2026]  Outreach: [email-pending]  — ADA compliance opportunity for 
jq: parse error: Invalid numeric literal at line 2, column 0
jq: parse error: Invalid numeric literal at line 2, column 0
[Sun Jun 14 21:38:37 EDT 2026]  Outreach: [email-pending]  — ADA compliance opportunity for 
jq: parse error: Invalid numeric literal at line 2, column 0
jq: parse error: Invalid numeric literal at line 2, column 0
[Sun Jun 14 21:38:37 EDT 2026]  Outreach: [email-pending]  — ADA compliance opportunity for 
jq: parse error: Invalid numeric literal at line 2, column 0
jq: parse error: Invalid numeric literal at line 2, column 0
[Sun Jun 14 21:38:37 EDT 2026]  Outreach: [email-pending]  — ADA compliance opportunity for 
jq: parse error: Invalid numeric literal at line 2, column 0
jq: parse error: Invalid numeric literal at line 2, column 0
[Sun Jun 14 21:38:37 EDT 2026]  Outreach: [email-pending]  — ADA compliance opportunity for 
jq: parse error: Invalid numeric literal at line 2, column 0
jq: parse error: Invalid numeric literal at line 2, column 0
[Sun Jun 14 21:38:37 EDT 2026]  Outreach: [email-pending]  — ADA compliance opportunity for 
jq: parse error: Invalid numeric literal at line 2, column 0
jq: parse error: Invalid numeric literal at line 2, column 0
[Sun Jun 14 21:38:37 EDT 2026]  Outreach: [email-pending]  — ADA compliance opportunity for 
jq: parse error: Invalid numeric literal at line 2, column 0
jq: parse error: Invalid numeric literal at line 2, column 0
[Sun Jun 14 21:38:37 EDT 2026]  Outreach: [email-pending]  — ADA compliance opportunity for 
jq: parse error: Invalid numeric literal at line 2, column 0
jq: parse error: Invalid numeric literal at line 2, column 0
[Sun Jun 14 21:38:37 EDT 2026]  Outreach: [email-pending]  — ADA compliance opportunity for 
jq: parse error: Invalid literal at line 2, column 0
jq: parse error: Invalid literal at line 2, column 0
[Sun Jun 14 21:38:37 EDT 2026]  Outreach: [email-pending]  — ADA compliance opportunity for 
jq: parse error: Invalid numeric literal at line 2, column 0
jq: parse error: Invalid numeric literal at line 2, column 0
[Sun Jun 14 21:38:37 EDT 2026]  Outreach: [email-pending]  — ADA compliance opportunity for 
jq: parse error: Invalid numeric literal at line 2, column 0
jq: parse error: Invalid numeric literal at line 2, column 0
[Sun Jun 14 21:38:37 EDT 2026]  Outreach: [email-pending]  — ADA compliance opportunity for 
jq: parse error: Invalid literal at line 2, column 0
jq: parse error: Invalid literal at line 2, column 0
[Sun Jun 14 21:38:37 EDT 2026]  Outreach: [email-pending]  — ADA compliance opportunity for 
jq: parse error: Invalid numeric literal at line 1, column 5
jq: parse error: Invalid numeric literal at line 1, column 5
[Sun Jun 14 21:38:37 EDT 2026]  Outreach: [email-pending]  — ADA compliance opportunity for 
jq: parse error: Unfinished string at EOF at line 2, column 0
jq: parse error: Unfinished string at EOF at line 2, column 0
[Sun Jun 14 21:38:37 EDT 2026]  Outreach: [email-pending]  — ADA compliance opportunity for 
jq: parse error: Invalid numeric literal at line 1, column 3
jq: parse error: Invalid numeric literal at line 1, column 3
[Sun Jun 14 21:38:37 EDT 2026]  Outreach: [email-pending]  — ADA compliance opportunity for 
jq: parse error: Invalid numeric literal at line 2, column 0
jq: parse error: Invalid numeric literal at line 2, column 0
[Sun Jun 14 21:38:37 EDT 2026]  Outreach: [email-pending]  — ADA compliance opportunity for 
jq: parse error: Invalid numeric literal at line 2, column 0
jq: parse error: Invalid numeric literal at line 2, column 0
[Sun Jun 14 21:38:37 EDT 2026]  Outreach: [email-pending]  — ADA compliance opportunity for 
jq: parse error: Invalid numeric literal at line 2, column 0
jq: parse error: Invalid numeric literal at line 2, column 0
[Sun Jun 14 21:38:37 EDT 2026]  Outreach: [email-pending]  — ADA compliance opportunity for 
jq: parse error: Invalid numeric literal at line 2, column 0
jq: parse error: Invalid numeric literal at line 2, column 0
[Sun Jun 14 21:38:37 EDT 2026]  Outreach: [email-pending]  — ADA compliance opportunity for 
jq: parse error: Invalid numeric literal at line 2, column 0
jq: parse error: Invalid numeric literal at line 2, column 0
[Sun Jun 14 21:38:37 EDT 2026]  Outreach: [email-pending]  — ADA compliance opportunity for 
jq: parse error: Invalid numeric literal at line 2, column 0
jq: parse error: Invalid numeric literal at line 2, column 0
[Sun Jun 14 21:38:37 EDT 2026]  Outreach: [email-pending]  — ADA compliance opportunity for 
jq: parse error: Invalid literal at line 2, column 0
jq: parse error: Invalid literal at line 2, column 0
[Sun Jun 14 21:38:37 EDT 2026]  Outreach: [email-pending]  — ADA compliance opportunity for 
jq: parse error: Invalid numeric literal at line 2, column 0
jq: parse error: Invalid numeric literal at line 2, column 0
[Sun Jun 14 21:38:37 EDT 2026]  Outreach: [email-pending]  — ADA compliance opportunity for 
jq: parse error: Invalid numeric literal at line 2, column 0
jq: parse error: Invalid numeric literal at line 2, column 0
[Sun Jun 14 21:38:37 EDT 2026]  Outreach: [email-pending]  — ADA compliance opportunity for 
jq: parse error: Invalid numeric literal at line 1, column 5
jq: parse error: Invalid numeric literal at line 1, column 5
[Sun Jun 14 21:38:37 EDT 2026]  Outreach: [email-pending]  — ADA compliance opportunity for 
jq: parse error: Unfinished string at EOF at line 2, column 0
jq: parse error: Unfinished string at EOF at line 2, column 0
[Sun Jun 14 21:38:38 EDT 2026]  Outreach: [email-pending]  — ADA compliance opportunity for 
jq: parse error: Invalid numeric literal at line 1, column 3
jq: parse error: Invalid numeric literal at line 1, column 3
[Sun Jun 14 21:38:38 EDT 2026]  Outreach: [email-pending]  — ADA compliance opportunity for 
jq: parse error: Invalid numeric literal at line 2, column 0
jq: parse error: Invalid numeric literal at line 2, column 0
[Sun Jun 14 21:38:38 EDT 2026]  Outreach: [email-pending]  — ADA compliance opportunity for 
jq: parse error: Invalid numeric literal at line 2, column 0
jq: parse error: Invalid numeric literal at line 2, column 0
[Sun Jun 14 21:38:38 EDT 2026]  Outreach: [email-pending]  — ADA compliance opportunity for 
jq: parse error: Invalid numeric literal at line 2, column 0
jq: parse error: Invalid numeric literal at line 2, column 0
[Sun Jun 14 21:38:38 EDT 2026]  Outreach: [email-pending]  — ADA compliance opportunity for 
jq: parse error: Invalid literal at line 2, column 0
jq: parse error: Invalid literal at line 2, column 0
[Sun Jun 14 21:38:38 EDT 2026]  Outreach: [email-pending]  — ADA compliance opportunity for 
jq: parse error: Invalid numeric literal at line 2, column 0
jq: parse error: Invalid numeric literal at line 2, column 0
[Sun Jun 14 21:38:38 EDT 2026]  Outreach: [email-pending]  — ADA compliance opportunity for 
jq: parse error: Invalid numeric literal at line 2, column 0
jq: parse error: Invalid numeric literal at line 2, column 0
[Sun Jun 14 21:38:38 EDT 2026]  Outreach: [email-pending]  — ADA compliance opportunity for 
jq: parse error: Invalid numeric literal at line 2, column 0
jq: parse error: Invalid numeric literal at line 2, column 0
[Sun Jun 14 21:38:38 EDT 2026]  Outreach: [email-pending]  — ADA compliance opportunity for 
jq: parse error: Invalid numeric literal at line 1, column 11
jq: parse error: Invalid numeric literal at line 1, column 11
[Sun Jun 14 21:38:38 EDT 2026]  Outreach: [email-pending]  — ADA compliance opportunity for 
jq: parse error: Unfinished string at EOF at line 2, column 0
jq: parse error: Unfinished string at EOF at line 2, column 0
[Sun Jun 14 21:38:38 EDT 2026]  Outreach: [email-pending]  — ADA compliance opportunity for 
jq: parse error: Invalid numeric literal at line 1, column 3
jq: parse error: Invalid numeric literal at line 1, column 3
[Sun Jun 14 21:38:38 EDT 2026]  Outreach: [email-pending]  — ADA compliance opportunity for 
jq: parse error: Invalid numeric literal at line 2, column 0
jq: parse error: Invalid numeric literal at line 2, column 0
[Sun Jun 14 21:38:38 EDT 2026]  Outreach: [email-pending]  — ADA compliance opportunity for 
jq: parse error: Invalid numeric literal at line 2, column 0
jq: parse error: Invalid numeric literal at line 2, column 0
[Sun Jun 14 21:38:38 EDT 2026]  Outreach: [email-pending]  — ADA compliance opportunity for 
jq: parse error: Invalid numeric literal at line 2, column 0
jq: parse error: Invalid numeric literal at line 2, column 0
[Sun Jun 14 21:38:38 EDT 2026]  Outreach: [email-pending]  — ADA compliance opportunity for 
jq: parse error: Invalid numeric literal at line 2, column 0
jq: parse error: Invalid numeric literal at line 2, column 0
[Sun Jun 14 21:38:38 EDT 2026]  Outreach: [email-pending]  — ADA compliance opportunity for 
jq: parse error: Invalid numeric literal at line 2, column 0
jq: parse error: Invalid numeric literal at line 2, column 0
[Sun Jun 14 21:38:38 EDT 2026]  Outreach: [email-pending]  — ADA compliance opportunity for 
jq: parse error: Invalid numeric literal at line 2, column 0
jq: parse error: Invalid numeric literal at line 2, column 0
[Sun Jun 14 21:38:38 EDT 2026]  Outreach: [email-pending]  — ADA compliance opportunity for 
jq: parse error: Invalid numeric literal at line 2, column 0
jq: parse error: Invalid numeric literal at line 2, column 0
[Sun Jun 14 21:38:38 EDT 2026]  Outreach: [email-pending]  — ADA compliance opportunity for 
jq: parse error: Invalid numeric literal at line 2, column 0
jq: parse error: Invalid numeric literal at line 2, column 0
[Sun Jun 14 21:38:38 EDT 2026]  Outreach: [email-pending]  — ADA compliance opportunity for 
jq: parse error: Invalid numeric literal at line 1, column 7
jq: parse error: Invalid numeric literal at line 1, column 7
[Sun Jun 14 21:38:38 EDT 2026]  Outreach: [email-pending]  — ADA compliance opportunity for 
jq: parse error: Unfinished string at EOF at line 2, column 0
jq: parse error: Unfinished string at EOF at line 2, column 0
[Sun Jun 14 21:38:38 EDT 2026]  Outreach: [email-pending]  — ADA compliance opportunity for 
jq: parse error: Invalid numeric literal at line 1, column 3
jq: parse error: Invalid numeric literal at line 1, column 3
[Sun Jun 14 21:38:38 EDT 2026]  Outreach: [email-pending]  — ADA compliance opportunity for 
jq: parse error: Invalid numeric literal at line 2, column 0
jq: parse error: Invalid numeric literal at line 2, column 0
[Sun Jun 14 21:38:38 EDT 2026]  Outreach: [email-pending]  — ADA compliance opportunity for 
jq: parse error: Invalid numeric literal at line 2, column 0
jq: parse error: Invalid numeric literal at line 2, column 0
[Sun Jun 14 21:38:38 EDT 2026]  Outreach: [email-pending]  — ADA compliance opportunity for 
jq: parse error: Invalid numeric literal at line 2, column 0
jq: parse error: Invalid numeric literal at line 2, column 0
[Sun Jun 14 21:38:38 EDT 2026]  Outreach: [email-pending]  — ADA compliance opportunity for 
jq: parse error: Invalid numeric literal at line 2, column 0
jq: parse error: Invalid numeric literal at line 2, column 0
[Sun Jun 14 21:38:38 EDT 2026]  Outreach: [email-pending]  — ADA compliance opportunity for 
jq: parse error: Invalid numeric literal at line 2, column 0
jq: parse error: Invalid numeric literal at line 2, column 0
[Sun Jun 14 21:38:38 EDT 2026]  Outreach: [email-pending]  — ADA compliance opportunity for 
jq: parse error: Invalid literal at line 2, column 0
jq: parse error: Invalid literal at line 2, column 0
[Sun Jun 14 21:38:38 EDT 2026]  Outreach: [email-pending]  — ADA compliance opportunity for 
jq: parse error: Invalid literal at line 2, column 0
jq: parse error: Invalid literal at line 2, column 0
[Sun Jun 14 21:38:38 EDT 2026]  Outreach: [email-pending]  — ADA compliance opportunity for 
jq: parse error: Invalid numeric literal at line 2, column 0
jq: parse error: Invalid numeric literal at line 2, column 0
[Sun Jun 14 21:38:38 EDT 2026]  Outreach: [email-pending]  — ADA compliance opportunity for 
jq: parse error: Invalid literal at line 2, column 0
jq: parse error: Invalid literal at line 2, column 0
[Sun Jun 14 21:38:38 EDT 2026]  Outreach: [email-pending]  — ADA compliance opportunity for 
jq: parse error: Invalid numeric literal at line 2, column 0
jq: parse error: Invalid numeric literal at line 2, column 0
[Sun Jun 14 21:38:38 EDT 2026]  Outreach: [email-pending]  — ADA compliance opportunity for 
jq: parse error: Invalid numeric literal at line 2, column 0
jq: parse error: Invalid numeric literal at line 2, column 0
[Sun Jun 14 21:38:38 EDT 2026]  Outreach: [email-pending]  — ADA compliance opportunity for 
jq: parse error: Invalid numeric literal at line 2, column 0
jq: parse error: Invalid numeric literal at line 2, column 0
[Sun Jun 14 21:38:38 EDT 2026]  Outreach: [email-pending]  — ADA compliance opportunity for 
jq: parse error: Invalid numeric literal at line 2, column 0
jq: parse error: Invalid numeric literal at line 2, column 0
[Sun Jun 14 21:38:38 EDT 2026]  Outreach: [email-pending]  — ADA compliance opportunity for 
jq: parse error: Invalid numeric literal at line 1, column 5
jq: parse error: Invalid numeric literal at line 1, column 5
[Sun Jun 14 21:38:38 EDT 2026]  Outreach: [email-pending]  — ADA compliance opportunity for 
jq: parse error: Unfinished string at EOF at line 2, column 0
jq: parse error: Unfinished string at EOF at line 2, column 0
[Sun Jun 14 21:38:38 EDT 2026]  Outreach: [email-pending]  — ADA compliance opportunity for 
jq: parse error: Invalid numeric literal at line 1, column 3
jq: parse error: Invalid numeric literal at line 1, column 3
[Sun Jun 14 21:38:38 EDT 2026]  Outreach: [email-pending]  — ADA compliance opportunity for 
jq: parse error: Invalid numeric literal at line 2, column 0
jq: parse error: Invalid numeric literal at line 2, column 0
[Sun Jun 14 21:38:38 EDT 2026]  Outreach: [email-pending]  — ADA compliance opportunity for 
jq: parse error: Invalid numeric literal at line 2, column 0
jq: parse error: Invalid numeric literal at line 2, column 0
[Sun Jun 14 21:38:38 EDT 2026]  Outreach: [email-pending]  — ADA compliance opportunity for 
jq: parse error: Invalid numeric literal at line 2, column 0
jq: parse error: Invalid numeric literal at line 2, column 0
[Sun Jun 14 21:38:38 EDT 2026]  Outreach: [email-pending]  — ADA compliance opportunity for 
jq: parse error: Invalid numeric literal at line 2, column 0
jq: parse error: Invalid numeric literal at line 2, column 0
[Sun Jun 14 21:38:38 EDT 2026]  Outreach: [email-pending]  — ADA compliance opportunity for 
jq: parse error: Invalid numeric literal at line 2, column 0
jq: parse error: Invalid numeric literal at line 2, column 0
[Sun Jun 14 21:38:38 EDT 2026]  Outreach: [email-pending]  — ADA compliance opportunity for 
jq: parse error: Invalid numeric literal at line 2, column 0
jq: parse error: Invalid numeric literal at line 2, column 0
[Sun Jun 14 21:38:38 EDT 2026]  Outreach: [email-pending]  — ADA compliance opportunity for 
jq: parse error: Invalid numeric literal at line 2, column 0
jq: parse error: Invalid numeric literal at line 2, column 0
[Sun Jun 14 21:38:38 EDT 2026]  Outreach: [email-pending]  — ADA compliance opportunity for 
jq: parse error: Invalid numeric literal at line 2, column 0
jq: parse error: Invalid numeric literal at line 2, column 0
[Sun Jun 14 21:38:38 EDT 2026]  Outreach: [email-pending]  — ADA compliance opportunity for 
jq: parse error: Invalid numeric literal at line 1, column 8
jq: parse error: Invalid numeric literal at line 1, column 8
[Sun Jun 14 21:38:38 EDT 2026]  Outreach: [email-pending]  — ADA compliance opportunity for 
[Sun Jun 14 21:38:38 EDT 2026] Outreach cycle complete
[Mon Jun 15 04:48:23 EDT 2026] === Outreach cycle ===
[Mon Jun 15 04:48:24 EDT 2026] Syncing GitHub Sponsors tiers...
/home/p31/P31-local-workspace/scripts/post-sponsorships.sh: line 29: local: can only be used in a function
